[0.250s] Invoking command in '/home/abc/planning_with_ros2/build/planning': CMAKE_PREFIX_PATH=/home/abc/planning_with_ros2/install/base_msgs:/home/abc/planning_with_ros2/install/planning:/home/abc/perception_with_ros2/install/perception:/home/abc/perception_with_ros2/install/base_msgs_per:/home/abc/planning_with_ros2/install/data_plot:/home/abc/perception_with_ros2/install/data_plot_per:/opt/ros/humble LD_LIBRARY_PATH=/home/abc/planning_with_ros2/install/base_msgs/lib:/usr/local/cuda-11.8/lib64:/home/abc/planning_with_ros2/install/planning/lib:/usr/local/cuda-11.8/lib64:/home/abc/planning_with_ros2/install/planning/lib:/home/abc/planning_with_ros2/install/planning/lib:/home/abc/perception_with_ros2/install/perception/lib:/home/abc/perception_with_ros2/install/base_msgs_per/lib:/usr/lib/x86_64-linux-gnu/gazebo-11/plugins:/opt/ros/humble/opt/rviz_ogre_vendor/lib:/opt/ros/humble/lib/x86_64-linux-gnu:/opt/ros/humble/lib:/home/abc/TensorRT-8.6/lib:/home/abc/TensorRT-8.6/lib /usr/local/bin/cmake /home/abc/planning_with_ros2/src/planning -DCMAKE_INSTALL_PREFIX=/home/abc/planning_with_ros2/install/planning
[0.290s] -- The C compiler identification is GNU 11.4.0
[0.341s] -- The CXX compiler identification is GNU 11.4.0
[0.348s] -- Detecting C compiler ABI info
[0.395s] -- Detecting C compiler ABI info - done
[0.426s] -- Check for working C compiler: /usr/bin/cc - skipped
[0.426s] -- Detecting C compile features
[0.427s] -- Detecting C compile features - done
[0.441s] -- Detecting CXX compiler ABI info
[0.511s] -- Detecting CXX compiler ABI info - done
[0.542s] -- Check for working CXX compiler: /usr/bin/c++ - skipped
[0.543s] -- Detecting CXX compile features
[0.544s] -- Detecting CXX compile features - done
[0.552s] -- Found ament_cmake: 1.3.12 (/opt/ros/humble/share/ament_cmake/cmake)
[0.692s] -- Found Python3: /usr/bin/python3 (found version "3.10.12") found components: Interpreter
[0.780s] -- Found rclcpp: 16.0.17 (/opt/ros/humble/share/rclcpp/cmake)
[0.827s] -- Found rosidl_generator_c: 3.1.8 (/opt/ros/humble/share/rosidl_generator_c/cmake)
[0.832s] -- Found rosidl_adapter: 3.1.8 (/opt/ros/humble/share/rosidl_adapter/cmake)
[0.842s] -- Found rosidl_generator_cpp: 3.1.8 (/opt/ros/humble/share/rosidl_generator_cpp/cmake)
[0.857s] -- Using all available rosidl_typesupport_c: rosidl_typesupport_fastrtps_c;rosidl_typesupport_introspection_c
[0.877s] -- Using all available rosidl_typesupport_cpp: rosidl_typesupport_fastrtps_cpp;rosidl_typesupport_introspection_cpp
[0.934s] -- Found rmw_implementation_cmake: 6.1.2 (/opt/ros/humble/share/rmw_implementation_cmake/cmake)
[0.937s] -- Found rmw_fastrtps_cpp: 6.2.9 (/opt/ros/humble/share/rmw_fastrtps_cpp/cmake)
[1.015s] -- Found OpenSSL: /usr/lib/x86_64-linux-gnu/libcrypto.so (found version "3.0.2")
[1.042s] -- Found FastRTPS: /opt/ros/humble/include
[1.084s] -- Using RMW implementation 'rmw_fastrtps_cpp' as default
[1.093s] -- Performing Test CMAKE_HAVE_LIBC_PTHREAD
[1.146s] -- Performing Test CMAKE_HAVE_LIBC_PTHREAD - Success
[1.147s] -- Found Threads: TRUE
[1.218s] -- Found tf2: 0.25.18 (/opt/ros/humble/share/tf2/cmake)
[1.248s] -- Found tf2_ros: 0.25.18 (/opt/ros/humble/share/tf2_ros/cmake)
[1.370s] -- Found nav_msgs: 4.9.0 (/opt/ros/humble/share/nav_msgs/cmake)
[1.396s] -- Found visualization_msgs: 4.9.0 (/opt/ros/humble/share/visualization_msgs/cmake)
[1.453s] -- Found base_msgs: 0.0.0 (/home/abc/planning_with_ros2/install/base_msgs/share/base_msgs/cmake)
[1.543s] -- Found ament_lint_auto: 0.12.14 (/opt/ros/humble/share/ament_lint_auto/cmake)
[1.622s] -- Added test 'cppcheck' to perform static code analysis on C / C++ code
[1.623s] -- Configured cppcheck include dirs: /home/abc/planning_with_ros2/src/planning/src/common/config_reader;/home/abc/planning_with_ros2/src/planning/src/common/math;/home/abc/planning_with_ros2/src/planning/src/decision_center;/home/abc/planning_with_ros2/src/planning/src/pnc_map_creator;/home/abc/planning_with_ros2/src/planning/src/pnc_map_creator/pnc_map_straight;/home/abc/planning_with_ros2/src/planning/src/pnc_map_creator/pnc_map_sturn;/home/abc/planning_with_ros2/src/planning/src/global_planner;/home/abc/planning_with_ros2/src/planning/src/global_planner/global_planner_normal;/home/abc/planning_with_ros2/src/planning/src/local_planner;/home/abc/planning_with_ros2/src/planning/src/local_planner/local_path;/home/abc/planning_with_ros2/src/planning/src/local_planner/local_speeds;/home/abc/planning_with_ros2/src/planning/src/reference_line;/home/abc/planning_with_ros2/src/planning/src/test/osqp_test;/home/abc/planning_with_ros2/src/planning/src/vehicle_info;/home/abc/planning_with_ros2/src/planning/src/vehicle_info/main_car;/home/abc/planning_with_ros2/src/planning/src/vehicle_info/obs_car;/home/abc/planning_with_ros2/src/planning/src/planning_process;/home/abc/planning_with_ros2/src/planning/src/move_cmd
[1.623s] -- Configured cppcheck exclude dirs and/or files: 
[1.624s] -- Added test 'flake8' to check Python code syntax and style conventions
[1.625s] -- Added test 'lint_cmake' to check CMake code style
[1.626s] -- Added test 'pep257' to check Python code against some of the docstring style conventions in PEP 257
[1.630s] -- Added test 'uncrustify' to check C / C++ code style
[1.630s] -- Configured uncrustify additional arguments: 
[1.631s] -- Added test 'xmllint' to check XML markup files
[1.633s] -- Configuring done (1.4s)
[1.743s] -- Generating done (0.1s)
[1.775s] -- Build files have been written to: /home/abc/planning_with_ros2/build/planning
[1.789s] Invoked command in '/home/abc/planning_with_ros2/build/planning' returned '0': CMAKE_PREFIX_PATH=/home/abc/planning_with_ros2/install/base_msgs:/home/abc/planning_with_ros2/install/planning:/home/abc/perception_with_ros2/install/perception:/home/abc/perception_with_ros2/install/base_msgs_per:/home/abc/planning_with_ros2/install/data_plot:/home/abc/perception_with_ros2/install/data_plot_per:/opt/ros/humble LD_LIBRARY_PATH=/home/abc/planning_with_ros2/install/base_msgs/lib:/usr/local/cuda-11.8/lib64:/home/abc/planning_with_ros2/install/planning/lib:/usr/local/cuda-11.8/lib64:/home/abc/planning_with_ros2/install/planning/lib:/home/abc/planning_with_ros2/install/planning/lib:/home/abc/perception_with_ros2/install/perception/lib:/home/abc/perception_with_ros2/install/base_msgs_per/lib:/usr/lib/x86_64-linux-gnu/gazebo-11/plugins:/opt/ros/humble/opt/rviz_ogre_vendor/lib:/opt/ros/humble/lib/x86_64-linux-gnu:/opt/ros/humble/lib:/home/abc/TensorRT-8.6/lib:/home/abc/TensorRT-8.6/lib /usr/local/bin/cmake /home/abc/planning_with_ros2/src/planning -DCMAKE_INSTALL_PREFIX=/home/abc/planning_with_ros2/install/planning
[1.790s] Invoking command in '/home/abc/planning_with_ros2/build/planning': CMAKE_PREFIX_PATH=/home/abc/planning_with_ros2/install/base_msgs:/home/abc/planning_with_ros2/install/planning:/home/abc/perception_with_ros2/install/perception:/home/abc/perception_with_ros2/install/base_msgs_per:/home/abc/planning_with_ros2/install/data_plot:/home/abc/perception_with_ros2/install/data_plot_per:/opt/ros/humble LD_LIBRARY_PATH=/home/abc/planning_with_ros2/install/base_msgs/lib:/usr/local/cuda-11.8/lib64:/home/abc/planning_with_ros2/install/planning/lib:/usr/local/cuda-11.8/lib64:/home/abc/planning_with_ros2/install/planning/lib:/home/abc/planning_with_ros2/install/planning/lib:/home/abc/perception_with_ros2/install/perception/lib:/home/abc/perception_with_ros2/install/base_msgs_per/lib:/usr/lib/x86_64-linux-gnu/gazebo-11/plugins:/opt/ros/humble/opt/rviz_ogre_vendor/lib:/opt/ros/humble/lib/x86_64-linux-gnu:/opt/ros/humble/lib:/home/abc/TensorRT-8.6/lib:/home/abc/TensorRT-8.6/lib /usr/local/bin/cmake --build /home/abc/planning_with_ros2/build/planning -- -j12 -l12
[1.809s] [  2%] [32mBuilding CXX object src/common/CMakeFiles/config_reader.dir/config_reader/config_reader.cpp.o[0m
[1.809s] [  7%] [32mBuilding CXX object src/common/CMakeFiles/mathlibs.dir/math/curve.cpp.o[0m
[1.809s] [  7%] [32mBuilding CXX object src/test/CMakeFiles/osqp_test.dir/osqp_test/osqp_test.cpp.o[0m
[1.810s] [ 10%] [32mBuilding CXX object src/test/CMakeFiles/newton_test.dir/newton_test/newton_test.cpp.o[0m
[1.810s] [ 12%] [32mBuilding CXX object src/common/CMakeFiles/mathlibs.dir/math/polynomial_curve.cpp.o[0m
[5.478s] [ 15%] [32m[1mLinking CXX shared library libconfig_reader.so[0m
[5.580s] [ 15%] Built target config_reader
[5.588s] [ 17%] [32mBuilding CXX object src/pnc_map_creator/CMakeFiles/pnc_map_creator.dir/pnc_map_straight/pnc_map_creator_straight.cpp.o[0m
[5.588s] [ 20%] [32mBuilding CXX object src/global_planner/CMakeFiles/global_planner.dir/global_planner_normal/global_planner_normal.cpp.o[0m
[5.589s] [ 23%] [32mBuilding CXX object src/pnc_map_creator/CMakeFiles/pnc_map_creator.dir/pnc_map_sturn/pnc_map_creator_sturn.cpp.o[0m
[5.711s] [ 25%] [32m[1mLinking CXX executable newton_test[0m
[5.809s] [ 25%] Built target newton_test
[6.195s] [ 28%] [32m[1mLinking CXX executable osqp_test[0m
[6.317s] [ 28%] Built target osqp_test
[9.039s] [ 30%] [32m[1mLinking CXX shared library libglobal_planner.so[0m
[9.146s] [ 30%] Built target global_planner
[9.147s] [ 33%] [32m[1mLinking CXX shared library libpnc_map_creator.so[0m
[9.153s] [ 35%] [32mBuilding CXX object src/global_planner/CMakeFiles/global_path_server.dir/global_path_server.cpp.o[0m
[9.271s] [ 35%] Built target pnc_map_creator
[9.279s] [ 38%] [32mBuilding CXX object src/pnc_map_creator/CMakeFiles/pnc_map_server.dir/pnc_map_server.cpp.o[0m
[14.825s] [ 41%] [32m[1mLinking CXX shared library libmathlibs.so[0m
[15.173s] [ 41%] Built target mathlibs
[15.180s] [ 43%] [32mBuilding CXX object src/vehicle_info/CMakeFiles/vehicle_info.dir/main_car/main_car_info.cpp.o[0m
[15.181s] [ 46%] [32mBuilding CXX object src/reference_line/CMakeFiles/reference_line.dir/reference_line_creator.cpp.o[0m
[15.181s] [ 48%] [32mBuilding CXX object src/vehicle_info/CMakeFiles/vehicle_info.dir/obs_car/obs_car_info.cpp.o[0m
[15.181s] [ 51%] [32mBuilding CXX object src/reference_line/CMakeFiles/reference_line.dir/reference_line_smoother.cpp.o[0m
[15.412s] [ 53%] [32m[1mLinking CXX executable global_path_server[0m
[15.472s] [ 56%] [32m[1mLinking CXX executable pnc_map_server[0m
[15.688s] [ 56%] Built target global_path_server
[15.752s] [ 56%] Built target pnc_map_server
[18.586s] [ 58%] [32m[1mLinking CXX shared library libvehicle_info.so[0m
[18.810s] [ 58%] Built target vehicle_info
[18.818s] [ 66%] [32mBuilding CXX object src/decision_center/CMakeFiles/decision_center.dir/decision_center.cpp.o[0m
[18.818s] [ 66%] [32mBuilding CXX object src/move_cmd/CMakeFiles/car_move_cmd.dir/car_move_cmd.cpp.o[0m
[18.818s] [ 66%] [32mBuilding CXX object src/move_cmd/CMakeFiles/obs_move_cmd.dir/obs_move_cmd.cpp.o[0m
[20.485s] [ 69%] [32m[1mLinking CXX shared library libreference_line.so[0m
[20.716s] [ 69%] Built target reference_line
[22.176s] [ 71%] [32m[1mLinking CXX shared library libdecision_center.so[0m
[22.296s] [ 71%] Built target decision_center
[22.305s] [ 74%] [32mBuilding CXX object src/local_planner/CMakeFiles/local_planner.dir/local_trajectory_combiner.cpp.o[0m
[22.305s] [ 76%] [32mBuilding CXX object src/local_planner/CMakeFiles/local_planner.dir/local_path/local_path_planner.cpp.o[0m
[22.305s] [ 79%] [32mBuilding CXX object src/local_planner/CMakeFiles/local_planner.dir/local_speeds/local_speeds_planner.cpp.o[0m
[22.305s] [ 82%] [32mBuilding CXX object src/local_planner/CMakeFiles/local_planner.dir/local_speeds/local_speeds_smoother.cpp.o[0m
[22.305s] [ 84%] [32mBuilding CXX object src/local_planner/CMakeFiles/local_planner.dir/local_path/local_path_smoother.cpp.o[0m
[23.519s] [ 87%] [32m[1mLinking CXX executable obs_move_cmd[0m
[23.776s] [ 87%] Built target obs_move_cmd
[26.630s] [ 89%] [32m[1mLinking CXX shared library liblocal_planner.so[0m
[26.856s] [ 89%] Built target local_planner
[26.865s] [ 92%] [32mBuilding CXX object src/planning_process/CMakeFiles/planning_process.dir/planning_process_main.cpp.o[0m
[26.866s] [ 94%] [32mBuilding CXX object src/planning_process/CMakeFiles/planning_process.dir/planning_process.cpp.o[0m
[28.430s] [ 97%] [32m[1mLinking CXX executable car_move_cmd[0m
[28.920s] [ 97%] Built target car_move_cmd
[39.885s] [100%] [32m[1mLinking CXX executable planning_process[0m
[40.495s] [100%] Built target planning_process
[40.499s] Invoked command in '/home/abc/planning_with_ros2/build/planning' returned '0': CMAKE_PREFIX_PATH=/home/abc/planning_with_ros2/install/base_msgs:/home/abc/planning_with_ros2/install/planning:/home/abc/perception_with_ros2/install/perception:/home/abc/perception_with_ros2/install/base_msgs_per:/home/abc/planning_with_ros2/install/data_plot:/home/abc/perception_with_ros2/install/data_plot_per:/opt/ros/humble LD_LIBRARY_PATH=/home/abc/planning_with_ros2/install/base_msgs/lib:/usr/local/cuda-11.8/lib64:/home/abc/planning_with_ros2/install/planning/lib:/usr/local/cuda-11.8/lib64:/home/abc/planning_with_ros2/install/planning/lib:/home/abc/planning_with_ros2/install/planning/lib:/home/abc/perception_with_ros2/install/perception/lib:/home/abc/perception_with_ros2/install/base_msgs_per/lib:/usr/lib/x86_64-linux-gnu/gazebo-11/plugins:/opt/ros/humble/opt/rviz_ogre_vendor/lib:/opt/ros/humble/lib/x86_64-linux-gnu:/opt/ros/humble/lib:/home/abc/TensorRT-8.6/lib:/home/abc/TensorRT-8.6/lib /usr/local/bin/cmake --build /home/abc/planning_with_ros2/build/planning -- -j12 -l12
[40.501s] Invoking command in '/home/abc/planning_with_ros2/build/planning': CMAKE_PREFIX_PATH=/home/abc/planning_with_ros2/install/base_msgs:/home/abc/planning_with_ros2/install/planning:/home/abc/perception_with_ros2/install/perception:/home/abc/perception_with_ros2/install/base_msgs_per:/home/abc/planning_with_ros2/install/data_plot:/home/abc/perception_with_ros2/install/data_plot_per:/opt/ros/humble LD_LIBRARY_PATH=/home/abc/planning_with_ros2/install/base_msgs/lib:/usr/local/cuda-11.8/lib64:/home/abc/planning_with_ros2/install/planning/lib:/usr/local/cuda-11.8/lib64:/home/abc/planning_with_ros2/install/planning/lib:/home/abc/planning_with_ros2/install/planning/lib:/home/abc/perception_with_ros2/install/perception/lib:/home/abc/perception_with_ros2/install/base_msgs_per/lib:/usr/lib/x86_64-linux-gnu/gazebo-11/plugins:/opt/ros/humble/opt/rviz_ogre_vendor/lib:/opt/ros/humble/lib/x86_64-linux-gnu:/opt/ros/humble/lib:/home/abc/TensorRT-8.6/lib:/home/abc/TensorRT-8.6/lib /usr/local/bin/cmake --install /home/abc/planning_with_ros2/build/planning
[40.503s] -- Install configuration: ""
[40.503s] -- Installing: /home/abc/planning_with_ros2/install/planning/lib/libconfig_reader.so
[40.504s] -- Set non-toolchain portion of runtime path of "/home/abc/planning_with_ros2/install/planning/lib/libconfig_reader.so" to ""
[40.504s] -- Installing: /home/abc/planning_with_ros2/install/planning/lib/libmathlibs.so
[40.507s] -- Set non-toolchain portion of runtime path of "/home/abc/planning_with_ros2/install/planning/lib/libmathlibs.so" to ""
[40.508s] -- Installing: /home/abc/planning_with_ros2/install/planning/lib/libdecision_center.so
[40.508s] -- Set non-toolchain portion of runtime path of "/home/abc/planning_with_ros2/install/planning/lib/libdecision_center.so" to ""
[40.508s] -- Installing: /home/abc/planning_with_ros2/install/planning/lib/libpnc_map_creator.so
[40.509s] -- Set non-toolchain portion of runtime path of "/home/abc/planning_with_ros2/install/planning/lib/libpnc_map_creator.so" to ""
[40.509s] -- Installing: /home/abc/planning_with_ros2/install/planning/lib/planning/pnc_map_server
[40.510s] -- Set non-toolchain portion of runtime path of "/home/abc/planning_with_ros2/install/planning/lib/planning/pnc_map_server" to ""
[40.510s] -- Installing: /home/abc/planning_with_ros2/install/planning/lib/libglobal_planner.so
[40.511s] -- Set non-toolchain portion of runtime path of "/home/abc/planning_with_ros2/install/planning/lib/libglobal_planner.so" to ""
[40.511s] -- Installing: /home/abc/planning_with_ros2/install/planning/lib/planning/global_path_server
[40.512s] -- Set non-toolchain portion of runtime path of "/home/abc/planning_with_ros2/install/planning/lib/planning/global_path_server" to ""
[40.512s] -- Installing: /home/abc/planning_with_ros2/install/planning/lib/liblocal_planner.so
[40.513s] -- Set non-toolchain portion of runtime path of "/home/abc/planning_with_ros2/install/planning/lib/liblocal_planner.so" to ""
[40.513s] -- Installing: /home/abc/planning_with_ros2/install/planning/lib/libreference_line.so
[40.514s] -- Set non-toolchain portion of runtime path of "/home/abc/planning_with_ros2/install/planning/lib/libreference_line.so" to ""
[40.514s] -- Installing: /home/abc/planning_with_ros2/install/planning/lib/planning/osqp_test
[40.514s] -- Set non-toolchain portion of runtime path of "/home/abc/planning_with_ros2/install/planning/lib/planning/osqp_test" to ""
[40.515s] -- Installing: /home/abc/planning_with_ros2/install/planning/lib/planning/newton_test
[40.515s] -- Set non-toolchain portion of runtime path of "/home/abc/planning_with_ros2/install/planning/lib/planning/newton_test" to ""
[40.515s] -- Installing: /home/abc/planning_with_ros2/install/planning/lib/libvehicle_info.so
[40.515s] -- Set non-toolchain portion of runtime path of "/home/abc/planning_with_ros2/install/planning/lib/libvehicle_info.so" to ""
[40.516s] -- Installing: /home/abc/planning_with_ros2/install/planning/lib/planning/planning_process
[40.519s] -- Set non-toolchain portion of runtime path of "/home/abc/planning_with_ros2/install/planning/lib/planning/planning_process" to ""
[40.519s] -- Installing: /home/abc/planning_with_ros2/install/planning/lib/planning/car_move_cmd
[40.522s] -- Set non-toolchain portion of runtime path of "/home/abc/planning_with_ros2/install/planning/lib/planning/car_move_cmd" to ""
[40.522s] -- Installing: /home/abc/planning_with_ros2/install/planning/lib/planning/obs_move_cmd
[40.523s] -- Set non-toolchain portion of runtime path of "/home/abc/planning_with_ros2/install/planning/lib/planning/obs_move_cmd" to ""
[40.523s] -- Installing: /home/abc/planning_with_ros2/install/planning/share/planning/config
[40.523s] -- Installing: /home/abc/planning_with_ros2/install/planning/share/planning/config/planning_static_obs_config.yaml
[40.523s] -- Installing: /home/abc/planning_with_ros2/install/planning/share/planning/config/scenario_config.yaml
[40.523s] -- Installing: /home/abc/planning_with_ros2/install/planning/share/planning/config/planning_dynamic_obs_config.yaml
[40.523s] -- Installing: /home/abc/planning_with_ros2/install/planning/share/planning/config/planning_onlane_obs_config.yaml
[40.523s] -- Installing: /home/abc/planning_with_ros2/install/planning/share/planning/launch
[40.523s] -- Installing: /home/abc/planning_with_ros2/install/planning/share/planning/launch/planning_launch.py
[40.524s] -- Installing: /home/abc/planning_with_ros2/install/planning/share/planning/launch/move_cmd_launch.py
[40.524s] -- Installing: /home/abc/planning_with_ros2/install/planning/share/planning/urdf
[40.524s] -- Installing: /home/abc/planning_with_ros2/install/planning/share/planning/urdf/main_car
[40.524s] -- Installing: /home/abc/planning_with_ros2/install/planning/share/planning/urdf/main_car/car_camera.xacro
[40.524s] -- Installing: /home/abc/planning_with_ros2/install/planning/share/planning/urdf/main_car/car_base.xacro
[40.524s] -- Installing: /home/abc/planning_with_ros2/install/planning/share/planning/urdf/main_car/car_radar.xacro
[40.524s] -- Installing: /home/abc/planning_with_ros2/install/planning/share/planning/urdf/main_car/car.xacro
[40.524s] -- Installing: /home/abc/planning_with_ros2/install/planning/share/planning/urdf/main_car/car_wheels.xacro
[40.524s] -- Installing: /home/abc/planning_with_ros2/install/planning/share/planning/urdf/obs_car
[40.524s] -- Installing: /home/abc/planning_with_ros2/install/planning/share/planning/urdf/obs_car/obs_car.xacro
[40.524s] -- Installing: /home/abc/planning_with_ros2/install/planning/share/planning/rviz
[40.524s] -- Installing: /home/abc/planning_with_ros2/install/planning/share/planning/rviz/planning.rviz
[40.524s] -- Installing: /home/abc/planning_with_ros2/install/planning/share/ament_index/resource_index/package_run_dependencies/planning
[40.525s] -- Installing: /home/abc/planning_with_ros2/install/planning/share/ament_index/resource_index/parent_prefix_path/planning
[40.525s] -- Installing: /home/abc/planning_with_ros2/install/planning/share/planning/environment/ament_prefix_path.sh
[40.525s] -- Installing: /home/abc/planning_with_ros2/install/planning/share/planning/environment/ament_prefix_path.dsv
[40.525s] -- Installing: /home/abc/planning_with_ros2/install/planning/share/planning/environment/path.sh
[40.525s] -- Installing: /home/abc/planning_with_ros2/install/planning/share/planning/environment/path.dsv
[40.525s] -- Installing: /home/abc/planning_with_ros2/install/planning/share/planning/local_setup.bash
[40.525s] -- Installing: /home/abc/planning_with_ros2/install/planning/share/planning/local_setup.sh
[40.525s] -- Installing: /home/abc/planning_with_ros2/install/planning/share/planning/local_setup.zsh
[40.525s] -- Installing: /home/abc/planning_with_ros2/install/planning/share/planning/local_setup.dsv
[40.525s] -- Installing: /home/abc/planning_with_ros2/install/planning/share/planning/package.dsv
[40.526s] -- Installing: /home/abc/planning_with_ros2/install/planning/share/ament_index/resource_index/packages/planning
[40.526s] -- Installing: /home/abc/planning_with_ros2/install/planning/share/planning/cmake/planningConfig.cmake
[40.526s] -- Installing: /home/abc/planning_with_ros2/install/planning/share/planning/cmake/planningConfig-version.cmake
[40.526s] -- Installing: /home/abc/planning_with_ros2/install/planning/share/planning/package.xml
[40.527s] Invoked command in '/home/abc/planning_with_ros2/build/planning' returned '0': CMAKE_PREFIX_PATH=/home/abc/planning_with_ros2/install/base_msgs:/home/abc/planning_with_ros2/install/planning:/home/abc/perception_with_ros2/install/perception:/home/abc/perception_with_ros2/install/base_msgs_per:/home/abc/planning_with_ros2/install/data_plot:/home/abc/perception_with_ros2/install/data_plot_per:/opt/ros/humble LD_LIBRARY_PATH=/home/abc/planning_with_ros2/install/base_msgs/lib:/usr/local/cuda-11.8/lib64:/home/abc/planning_with_ros2/install/planning/lib:/usr/local/cuda-11.8/lib64:/home/abc/planning_with_ros2/install/planning/lib:/home/abc/planning_with_ros2/install/planning/lib:/home/abc/perception_with_ros2/install/perception/lib:/home/abc/perception_with_ros2/install/base_msgs_per/lib:/usr/lib/x86_64-linux-gnu/gazebo-11/plugins:/opt/ros/humble/opt/rviz_ogre_vendor/lib:/opt/ros/humble/lib/x86_64-linux-gnu:/opt/ros/humble/lib:/home/abc/TensorRT-8.6/lib:/home/abc/TensorRT-8.6/lib /usr/local/bin/cmake --install /home/abc/planning_with_ros2/build/planning
