[0.276s] Invoking command in '/home/abc/planning_with_ros2/build/planning': CMAKE_PREFIX_PATH=/home/abc/planning_with_ros2/install/base_msgs:/home/abc/planning_with_ros2/install/planning:/home/abc/perception_with_ros2/install/perception:/home/abc/perception_with_ros2/install/base_msgs_per:/home/abc/planning_with_ros2/install/data_plot:/home/abc/perception_with_ros2/install/data_plot_per:/opt/ros/humble LD_LIBRARY_PATH=/home/abc/planning_with_ros2/install/base_msgs/lib:/usr/local/cuda-11.8/lib64:/home/abc/planning_with_ros2/install/planning/lib:/usr/local/cuda-11.8/lib64:/home/abc/planning_with_ros2/install/planning/lib:/home/abc/planning_with_ros2/install/planning/lib:/home/abc/perception_with_ros2/install/perception/lib:/home/abc/perception_with_ros2/install/base_msgs_per/lib:/usr/lib/x86_64-linux-gnu/gazebo-11/plugins:/opt/ros/humble/opt/rviz_ogre_vendor/lib:/opt/ros/humble/lib/x86_64-linux-gnu:/opt/ros/humble/lib:/home/abc/TensorRT-8.6/lib:/home/abc/TensorRT-8.6/lib /usr/local/bin/cmake /home/abc/planning_with_ros2/src/planning -DCMAKE_INSTALL_PREFIX=/home/abc/planning_with_ros2/install/planning
[0.325s] -- The C compiler identification is GNU 11.4.0
[0.388s] -- The CXX compiler identification is GNU 11.4.0
[0.396s] -- Detecting C compiler ABI info
[0.447s] -- Detecting C compiler ABI info - done
[0.465s] -- Check for working C compiler: /usr/bin/cc - skipped
[0.465s] -- Detecting C compile features
[0.466s] -- Detecting C compile features - done
[0.477s] -- Detecting CXX compiler ABI info
[0.542s] -- Detecting CXX compiler ABI info - done
[0.560s] -- Check for working CXX compiler: /usr/bin/c++ - skipped
[0.561s] -- Detecting CXX compile features
[0.561s] -- Detecting CXX compile features - done
[0.569s] -- Found ament_cmake: 1.3.13 (/opt/ros/humble/share/ament_cmake/cmake)
[0.710s] -- Found Python3: /usr/bin/python3 (found version "3.10.12") found components: Interpreter
[0.803s] -- Found rclcpp: 16.0.18 (/opt/ros/humble/share/rclcpp/cmake)
[0.856s] -- Found rosidl_generator_c: 3.1.8 (/opt/ros/humble/share/rosidl_generator_c/cmake)
[0.862s] -- Found rosidl_adapter: 3.1.8 (/opt/ros/humble/share/rosidl_adapter/cmake)
[0.872s] -- Found rosidl_generator_cpp: 3.1.8 (/opt/ros/humble/share/rosidl_generator_cpp/cmake)
[0.888s] -- Using all available rosidl_typesupport_c: rosidl_typesupport_fastrtps_c;rosidl_typesupport_introspection_c
[0.910s] -- Using all available rosidl_typesupport_cpp: rosidl_typesupport_fastrtps_cpp;rosidl_typesupport_introspection_cpp
[0.974s] -- Found rmw_implementation_cmake: 6.1.2 (/opt/ros/humble/share/rmw_implementation_cmake/cmake)
[0.978s] -- Found rmw_fastrtps_cpp: 6.2.10 (/opt/ros/humble/share/rmw_fastrtps_cpp/cmake)
[1.068s] -- Found OpenSSL: /usr/lib/x86_64-linux-gnu/libcrypto.so (found version "3.0.2")
[1.112s] -- Found FastRTPS: /opt/ros/humble/include
[1.162s] -- Using RMW implementation 'rmw_fastrtps_cpp' as default
[1.178s] -- Performing Test CMAKE_HAVE_LIBC_PTHREAD
[1.233s] -- Performing Test CMAKE_HAVE_LIBC_PTHREAD - Success
[1.234s] -- Found Threads: TRUE
[1.317s] -- Found tf2: 0.25.19 (/opt/ros/humble/share/tf2/cmake)
[1.356s] -- Found tf2_ros: 0.25.19 (/opt/ros/humble/share/tf2_ros/cmake)
[1.494s] -- Found nav_msgs: 4.9.1 (/opt/ros/humble/share/nav_msgs/cmake)
[1.523s] -- Found visualization_msgs: 4.9.1 (/opt/ros/humble/share/visualization_msgs/cmake)
[1.590s] -- Found base_msgs: 0.0.0 (/home/abc/planning_with_ros2/install/base_msgs/share/base_msgs/cmake)
[1.700s] -- Found ament_lint_auto: 0.12.15 (/opt/ros/humble/share/ament_lint_auto/cmake)
[1.782s] -- Added test 'cppcheck' to perform static code analysis on C / C++ code
[1.784s] -- Configured cppcheck include dirs: /home/abc/planning_with_ros2/src/planning/src/common/config_reader;/home/abc/planning_with_ros2/src/planning/src/common/math;/home/abc/planning_with_ros2/src/planning/src/decision_center;/home/abc/planning_with_ros2/src/planning/src/pnc_map_creator;/home/abc/planning_with_ros2/src/planning/src/pnc_map_creator/pnc_map_straight;/home/abc/planning_with_ros2/src/planning/src/pnc_map_creator/pnc_map_sturn;/home/abc/planning_with_ros2/src/planning/src/global_planner;/home/abc/planning_with_ros2/src/planning/src/global_planner/global_planner_normal;/home/abc/planning_with_ros2/src/planning/src/local_planner;/home/abc/planning_with_ros2/src/planning/src/local_planner/local_path;/home/abc/planning_with_ros2/src/planning/src/local_planner/local_speeds;/home/abc/planning_with_ros2/src/planning/src/reference_line;/home/abc/planning_with_ros2/src/planning/src/test/osqp_test;/home/abc/planning_with_ros2/src/planning/src/vehicle_info;/home/abc/planning_with_ros2/src/planning/src/vehicle_info/main_car;/home/abc/planning_with_ros2/src/planning/src/vehicle_info/obs_car;/home/abc/planning_with_ros2/src/planning/src/planning_process;/home/abc/planning_with_ros2/src/planning/src/move_cmd
[1.784s] -- Configured cppcheck exclude dirs and/or files: 
[1.785s] -- Added test 'flake8' to check Python code syntax and style conventions
[1.786s] -- Added test 'lint_cmake' to check CMake code style
[1.787s] -- Added test 'pep257' to check Python code against some of the docstring style conventions in PEP 257
[1.791s] -- Added test 'uncrustify' to check C / C++ code style
[1.791s] -- Configured uncrustify additional arguments: 
[1.792s] -- Added test 'xmllint' to check XML markup files
[1.795s] -- Configuring done (1.5s)
[1.897s] -- Generating done (0.1s)
[1.924s] -- Build files have been written to: /home/abc/planning_with_ros2/build/planning
[1.943s] Invoked command in '/home/abc/planning_with_ros2/build/planning' returned '0': CMAKE_PREFIX_PATH=/home/abc/planning_with_ros2/install/base_msgs:/home/abc/planning_with_ros2/install/planning:/home/abc/perception_with_ros2/install/perception:/home/abc/perception_with_ros2/install/base_msgs_per:/home/abc/planning_with_ros2/install/data_plot:/home/abc/perception_with_ros2/install/data_plot_per:/opt/ros/humble LD_LIBRARY_PATH=/home/abc/planning_with_ros2/install/base_msgs/lib:/usr/local/cuda-11.8/lib64:/home/abc/planning_with_ros2/install/planning/lib:/usr/local/cuda-11.8/lib64:/home/abc/planning_with_ros2/install/planning/lib:/home/abc/planning_with_ros2/install/planning/lib:/home/abc/perception_with_ros2/install/perception/lib:/home/abc/perception_with_ros2/install/base_msgs_per/lib:/usr/lib/x86_64-linux-gnu/gazebo-11/plugins:/opt/ros/humble/opt/rviz_ogre_vendor/lib:/opt/ros/humble/lib/x86_64-linux-gnu:/opt/ros/humble/lib:/home/abc/TensorRT-8.6/lib:/home/abc/TensorRT-8.6/lib /usr/local/bin/cmake /home/abc/planning_with_ros2/src/planning -DCMAKE_INSTALL_PREFIX=/home/abc/planning_with_ros2/install/planning
[1.944s] Invoking command in '/home/abc/planning_with_ros2/build/planning': CMAKE_PREFIX_PATH=/home/abc/planning_with_ros2/install/base_msgs:/home/abc/planning_with_ros2/install/planning:/home/abc/perception_with_ros2/install/perception:/home/abc/perception_with_ros2/install/base_msgs_per:/home/abc/planning_with_ros2/install/data_plot:/home/abc/perception_with_ros2/install/data_plot_per:/opt/ros/humble LD_LIBRARY_PATH=/home/abc/planning_with_ros2/install/base_msgs/lib:/usr/local/cuda-11.8/lib64:/home/abc/planning_with_ros2/install/planning/lib:/usr/local/cuda-11.8/lib64:/home/abc/planning_with_ros2/install/planning/lib:/home/abc/planning_with_ros2/install/planning/lib:/home/abc/perception_with_ros2/install/perception/lib:/home/abc/perception_with_ros2/install/base_msgs_per/lib:/usr/lib/x86_64-linux-gnu/gazebo-11/plugins:/opt/ros/humble/opt/rviz_ogre_vendor/lib:/opt/ros/humble/lib/x86_64-linux-gnu:/opt/ros/humble/lib:/home/abc/TensorRT-8.6/lib:/home/abc/TensorRT-8.6/lib /usr/local/bin/cmake --build /home/abc/planning_with_ros2/build/planning -- -j12 -l12
[1.965s] [  2%] [32mBuilding CXX object src/common/CMakeFiles/config_reader.dir/config_reader/config_reader.cpp.o[0m
[1.965s] [  7%] [32mBuilding CXX object src/common/CMakeFiles/mathlibs.dir/math/curve.cpp.o[0m
[1.965s] [  7%] [32mBuilding CXX object src/test/CMakeFiles/newton_test.dir/newton_test/newton_test.cpp.o[0m
[1.965s] [ 10%] [32mBuilding CXX object src/test/CMakeFiles/osqp_test.dir/osqp_test/osqp_test.cpp.o[0m
[1.965s] [ 12%] [32mBuilding CXX object src/common/CMakeFiles/mathlibs.dir/math/polynomial_curve.cpp.o[0m
[6.375s] [ 15%] [32m[1mLinking CXX executable newton_test[0m
[6.497s] [ 15%] Built target newton_test
[6.500s] [ 17%] [32m[1mLinking CXX shared library libconfig_reader.so[0m
[6.667s] [ 17%] Built target config_reader
[6.679s] [ 20%] [32mBuilding CXX object src/pnc_map_creator/CMakeFiles/pnc_map_creator.dir/pnc_map_straight/pnc_map_creator_straight.cpp.o[0m
[6.679s] [ 23%] [32mBuilding CXX object src/pnc_map_creator/CMakeFiles/pnc_map_creator.dir/pnc_map_sturn/pnc_map_creator_sturn.cpp.o[0m
[6.680s] [ 25%] [32mBuilding CXX object src/global_planner/CMakeFiles/global_planner.dir/global_planner_normal/global_planner_normal.cpp.o[0m
[6.829s] [ 28%] [32m[1mLinking CXX executable osqp_test[0m
[6.952s] [ 28%] Built target osqp_test
[10.672s] [ 30%] [32m[1mLinking CXX shared library libglobal_planner.so[0m
[10.804s] [ 33%] [32m[1mLinking CXX shared library libpnc_map_creator.so[0m
[10.820s] [ 33%] Built target global_planner
[10.828s] [ 35%] [32mBuilding CXX object src/global_planner/CMakeFiles/global_path_server.dir/global_path_server.cpp.o[0m
[10.975s] [ 35%] Built target pnc_map_creator
[10.983s] [ 38%] [32mBuilding CXX object src/pnc_map_creator/CMakeFiles/pnc_map_server.dir/pnc_map_server.cpp.o[0m
[16.860s] [ 41%] [32m[1mLinking CXX shared library libmathlibs.so[0m
[17.270s] [ 41%] Built target mathlibs
[17.279s] [ 46%] [32mBuilding CXX object src/vehicle_info/CMakeFiles/vehicle_info.dir/main_car/main_car_info.cpp.o[0m
[17.280s] [ 46%] [32mBuilding CXX object src/reference_line/CMakeFiles/reference_line.dir/reference_line_smoother.cpp.o[0m
[17.280s] [ 48%] [32mBuilding CXX object src/vehicle_info/CMakeFiles/vehicle_info.dir/obs_car/obs_car_info.cpp.o[0m
[17.280s] [ 51%] [32mBuilding CXX object src/reference_line/CMakeFiles/reference_line.dir/reference_line_creator.cpp.o[0m
[17.818s] [ 53%] [32m[1mLinking CXX executable pnc_map_server[0m
[17.820s] [ 56%] [32m[1mLinking CXX executable global_path_server[0m
[18.173s] [ 56%] Built target pnc_map_server
[18.300s] [ 56%] Built target global_path_server
[21.118s] [ 58%] [32m[1mLinking CXX shared library libvehicle_info.so[0m
[21.384s] [ 58%] Built target vehicle_info
[21.394s] [ 61%] [32mBuilding CXX object src/move_cmd/CMakeFiles/obs_move_cmd.dir/obs_move_cmd.cpp.o[0m
[21.394s] [ 66%] [32mBuilding CXX object src/decision_center/CMakeFiles/decision_center.dir/decision_center.cpp.o[0m
[21.394s] [ 66%] [32mBuilding CXX object src/move_cmd/CMakeFiles/car_move_cmd.dir/car_move_cmd.cpp.o[0m
[23.373s] [ 69%] [32m[1mLinking CXX shared library libreference_line.so[0m
[23.648s] [ 69%] Built target reference_line
[25.216s] [ 71%] [32m[1mLinking CXX shared library libdecision_center.so[0m
[25.346s] [ 71%] Built target decision_center
[25.355s] [ 74%] [32mBuilding CXX object src/local_planner/CMakeFiles/local_planner.dir/local_trajectory_combiner.cpp.o[0m
[25.355s] [ 76%] [32mBuilding CXX object src/local_planner/CMakeFiles/local_planner.dir/local_path/local_path_planner.cpp.o[0m
[25.355s] [ 79%] [32mBuilding CXX object src/local_planner/CMakeFiles/local_planner.dir/local_speeds/local_speeds_planner.cpp.o[0m
[25.356s] [ 82%] [32mBuilding CXX object src/local_planner/CMakeFiles/local_planner.dir/local_speeds/local_speeds_smoother.cpp.o[0m
[25.356s] [ 84%] [32mBuilding CXX object src/local_planner/CMakeFiles/local_planner.dir/local_path/local_path_smoother.cpp.o[0m
[27.581s] [ 87%] [32m[1mLinking CXX executable obs_move_cmd[0m
[28.077s] [ 87%] Built target obs_move_cmd
[31.352s] [ 89%] [32m[1mLinking CXX shared library liblocal_planner.so[0m
[31.582s] [ 89%] Built target local_planner
[31.591s] [ 92%] [32mBuilding CXX object src/planning_process/CMakeFiles/planning_process.dir/planning_process_main.cpp.o[0m
[31.591s] [ 94%] [32mBuilding CXX object src/planning_process/CMakeFiles/planning_process.dir/planning_process.cpp.o[0m
[31.998s] [ 97%] [32m[1mLinking CXX executable car_move_cmd[0m
[32.618s] [ 97%] Built target car_move_cmd
[45.779s] [100%] [32m[1mLinking CXX executable planning_process[0m
[46.524s] [100%] Built target planning_process
[46.528s] Invoked command in '/home/abc/planning_with_ros2/build/planning' returned '0': CMAKE_PREFIX_PATH=/home/abc/planning_with_ros2/install/base_msgs:/home/abc/planning_with_ros2/install/planning:/home/abc/perception_with_ros2/install/perception:/home/abc/perception_with_ros2/install/base_msgs_per:/home/abc/planning_with_ros2/install/data_plot:/home/abc/perception_with_ros2/install/data_plot_per:/opt/ros/humble LD_LIBRARY_PATH=/home/abc/planning_with_ros2/install/base_msgs/lib:/usr/local/cuda-11.8/lib64:/home/abc/planning_with_ros2/install/planning/lib:/usr/local/cuda-11.8/lib64:/home/abc/planning_with_ros2/install/planning/lib:/home/abc/planning_with_ros2/install/planning/lib:/home/abc/perception_with_ros2/install/perception/lib:/home/abc/perception_with_ros2/install/base_msgs_per/lib:/usr/lib/x86_64-linux-gnu/gazebo-11/plugins:/opt/ros/humble/opt/rviz_ogre_vendor/lib:/opt/ros/humble/lib/x86_64-linux-gnu:/opt/ros/humble/lib:/home/abc/TensorRT-8.6/lib:/home/abc/TensorRT-8.6/lib /usr/local/bin/cmake --build /home/abc/planning_with_ros2/build/planning -- -j12 -l12
[46.529s] Invoking command in '/home/abc/planning_with_ros2/build/planning': CMAKE_PREFIX_PATH=/home/abc/planning_with_ros2/install/base_msgs:/home/abc/planning_with_ros2/install/planning:/home/abc/perception_with_ros2/install/perception:/home/abc/perception_with_ros2/install/base_msgs_per:/home/abc/planning_with_ros2/install/data_plot:/home/abc/perception_with_ros2/install/data_plot_per:/opt/ros/humble LD_LIBRARY_PATH=/home/abc/planning_with_ros2/install/base_msgs/lib:/usr/local/cuda-11.8/lib64:/home/abc/planning_with_ros2/install/planning/lib:/usr/local/cuda-11.8/lib64:/home/abc/planning_with_ros2/install/planning/lib:/home/abc/planning_with_ros2/install/planning/lib:/home/abc/perception_with_ros2/install/perception/lib:/home/abc/perception_with_ros2/install/base_msgs_per/lib:/usr/lib/x86_64-linux-gnu/gazebo-11/plugins:/opt/ros/humble/opt/rviz_ogre_vendor/lib:/opt/ros/humble/lib/x86_64-linux-gnu:/opt/ros/humble/lib:/home/abc/TensorRT-8.6/lib:/home/abc/TensorRT-8.6/lib /usr/local/bin/cmake --install /home/abc/planning_with_ros2/build/planning
[46.531s] -- Install configuration: ""
[46.531s] -- Installing: /home/abc/planning_with_ros2/install/planning/lib/libconfig_reader.so
[46.532s] -- Set non-toolchain portion of runtime path of "/home/abc/planning_with_ros2/install/planning/lib/libconfig_reader.so" to ""
[46.532s] -- Installing: /home/abc/planning_with_ros2/install/planning/lib/libmathlibs.so
[46.535s] -- Set non-toolchain portion of runtime path of "/home/abc/planning_with_ros2/install/planning/lib/libmathlibs.so" to ""
[46.536s] -- Installing: /home/abc/planning_with_ros2/install/planning/lib/libdecision_center.so
[46.536s] -- Set non-toolchain portion of runtime path of "/home/abc/planning_with_ros2/install/planning/lib/libdecision_center.so" to ""
[46.536s] -- Installing: /home/abc/planning_with_ros2/install/planning/lib/libpnc_map_creator.so
[46.537s] -- Set non-toolchain portion of runtime path of "/home/abc/planning_with_ros2/install/planning/lib/libpnc_map_creator.so" to ""
[46.537s] -- Installing: /home/abc/planning_with_ros2/install/planning/lib/planning/pnc_map_server
[46.538s] -- Set non-toolchain portion of runtime path of "/home/abc/planning_with_ros2/install/planning/lib/planning/pnc_map_server" to ""
[46.538s] -- Installing: /home/abc/planning_with_ros2/install/planning/lib/libglobal_planner.so
[46.539s] -- Set non-toolchain portion of runtime path of "/home/abc/planning_with_ros2/install/planning/lib/libglobal_planner.so" to ""
[46.539s] -- Installing: /home/abc/planning_with_ros2/install/planning/lib/planning/global_path_server
[46.540s] -- Set non-toolchain portion of runtime path of "/home/abc/planning_with_ros2/install/planning/lib/planning/global_path_server" to ""
[46.540s] -- Installing: /home/abc/planning_with_ros2/install/planning/lib/liblocal_planner.so
[46.541s] -- Set non-toolchain portion of runtime path of "/home/abc/planning_with_ros2/install/planning/lib/liblocal_planner.so" to ""
[46.541s] -- Installing: /home/abc/planning_with_ros2/install/planning/lib/libreference_line.so
[46.542s] -- Set non-toolchain portion of runtime path of "/home/abc/planning_with_ros2/install/planning/lib/libreference_line.so" to ""
[46.542s] -- Installing: /home/abc/planning_with_ros2/install/planning/lib/planning/osqp_test
[46.542s] -- Set non-toolchain portion of runtime path of "/home/abc/planning_with_ros2/install/planning/lib/planning/osqp_test" to ""
[46.543s] -- Installing: /home/abc/planning_with_ros2/install/planning/lib/planning/newton_test
[46.543s] -- Set non-toolchain portion of runtime path of "/home/abc/planning_with_ros2/install/planning/lib/planning/newton_test" to ""
[46.543s] -- Installing: /home/abc/planning_with_ros2/install/planning/lib/libvehicle_info.so
[46.544s] -- Set non-toolchain portion of runtime path of "/home/abc/planning_with_ros2/install/planning/lib/libvehicle_info.so" to ""
[46.544s] -- Installing: /home/abc/planning_with_ros2/install/planning/lib/planning/planning_process
[46.547s] -- Set non-toolchain portion of runtime path of "/home/abc/planning_with_ros2/install/planning/lib/planning/planning_process" to ""
[46.548s] -- Installing: /home/abc/planning_with_ros2/install/planning/lib/planning/car_move_cmd
[46.550s] -- Set non-toolchain portion of runtime path of "/home/abc/planning_with_ros2/install/planning/lib/planning/car_move_cmd" to ""
[46.550s] -- Installing: /home/abc/planning_with_ros2/install/planning/lib/planning/obs_move_cmd
[46.551s] -- Set non-toolchain portion of runtime path of "/home/abc/planning_with_ros2/install/planning/lib/planning/obs_move_cmd" to ""
[46.551s] -- Installing: /home/abc/planning_with_ros2/install/planning/share/planning/config
[46.551s] -- Installing: /home/abc/planning_with_ros2/install/planning/share/planning/config/planning_static_obs_config.yaml
[46.552s] -- Installing: /home/abc/planning_with_ros2/install/planning/share/planning/config/scenario_config.yaml
[46.552s] -- Installing: /home/abc/planning_with_ros2/install/planning/share/planning/config/planning_dynamic_obs_config.yaml
[46.552s] -- Installing: /home/abc/planning_with_ros2/install/planning/share/planning/config/planning_onlane_obs_config.yaml
[46.553s] -- Installing: /home/abc/planning_with_ros2/install/planning/share/planning/launch
[46.553s] -- Installing: /home/abc/planning_with_ros2/install/planning/share/planning/launch/planning_launch.py
[46.553s] -- Installing: /home/abc/planning_with_ros2/install/planning/share/planning/launch/move_cmd_launch.py
[46.554s] -- Installing: /home/abc/planning_with_ros2/install/planning/share/planning/urdf
[46.554s] -- Installing: /home/abc/planning_with_ros2/install/planning/share/planning/urdf/main_car
[46.554s] -- Installing: /home/abc/planning_with_ros2/install/planning/share/planning/urdf/main_car/car_camera.xacro
[46.554s] -- Installing: /home/abc/planning_with_ros2/install/planning/share/planning/urdf/main_car/car_base.xacro
[46.555s] -- Installing: /home/abc/planning_with_ros2/install/planning/share/planning/urdf/main_car/car_radar.xacro
[46.555s] -- Installing: /home/abc/planning_with_ros2/install/planning/share/planning/urdf/main_car/car.xacro
[46.556s] -- Installing: /home/abc/planning_with_ros2/install/planning/share/planning/urdf/main_car/car_wheels.xacro
[46.556s] -- Installing: /home/abc/planning_with_ros2/install/planning/share/planning/urdf/obs_car
[46.556s] -- Installing: /home/abc/planning_with_ros2/install/planning/share/planning/urdf/obs_car/obs_car.xacro
[46.556s] -- Installing: /home/abc/planning_with_ros2/install/planning/share/planning/rviz
[46.556s] -- Installing: /home/abc/planning_with_ros2/install/planning/share/planning/rviz/planning.rviz
[46.557s] -- Installing: /home/abc/planning_with_ros2/install/planning/share/ament_index/resource_index/package_run_dependencies/planning
[46.557s] -- Installing: /home/abc/planning_with_ros2/install/planning/share/ament_index/resource_index/parent_prefix_path/planning
[46.557s] -- Installing: /home/abc/planning_with_ros2/install/planning/share/planning/environment/ament_prefix_path.sh
[46.557s] -- Installing: /home/abc/planning_with_ros2/install/planning/share/planning/environment/ament_prefix_path.dsv
[46.557s] -- Installing: /home/abc/planning_with_ros2/install/planning/share/planning/environment/path.sh
[46.557s] -- Installing: /home/abc/planning_with_ros2/install/planning/share/planning/environment/path.dsv
[46.557s] -- Installing: /home/abc/planning_with_ros2/install/planning/share/planning/local_setup.bash
[46.557s] -- Installing: /home/abc/planning_with_ros2/install/planning/share/planning/local_setup.sh
[46.558s] -- Installing: /home/abc/planning_with_ros2/install/planning/share/planning/local_setup.zsh
[46.558s] -- Installing: /home/abc/planning_with_ros2/install/planning/share/planning/local_setup.dsv
[46.558s] -- Installing: /home/abc/planning_with_ros2/install/planning/share/planning/package.dsv
[46.558s] -- Installing: /home/abc/planning_with_ros2/install/planning/share/ament_index/resource_index/packages/planning
[46.558s] -- Installing: /home/abc/planning_with_ros2/install/planning/share/planning/cmake/planningConfig.cmake
[46.558s] -- Installing: /home/abc/planning_with_ros2/install/planning/share/planning/cmake/planningConfig-version.cmake
[46.558s] -- Installing: /home/abc/planning_with_ros2/install/planning/share/planning/package.xml
[46.560s] Invoked command in '/home/abc/planning_with_ros2/build/planning' returned '0': CMAKE_PREFIX_PATH=/home/abc/planning_with_ros2/install/base_msgs:/home/abc/planning_with_ros2/install/planning:/home/abc/perception_with_ros2/install/perception:/home/abc/perception_with_ros2/install/base_msgs_per:/home/abc/planning_with_ros2/install/data_plot:/home/abc/perception_with_ros2/install/data_plot_per:/opt/ros/humble LD_LIBRARY_PATH=/home/abc/planning_with_ros2/install/base_msgs/lib:/usr/local/cuda-11.8/lib64:/home/abc/planning_with_ros2/install/planning/lib:/usr/local/cuda-11.8/lib64:/home/abc/planning_with_ros2/install/planning/lib:/home/abc/planning_with_ros2/install/planning/lib:/home/abc/perception_with_ros2/install/perception/lib:/home/abc/perception_with_ros2/install/base_msgs_per/lib:/usr/lib/x86_64-linux-gnu/gazebo-11/plugins:/opt/ros/humble/opt/rviz_ogre_vendor/lib:/opt/ros/humble/lib/x86_64-linux-gnu:/opt/ros/humble/lib:/home/abc/TensorRT-8.6/lib:/home/abc/TensorRT-8.6/lib /usr/local/bin/cmake --install /home/abc/planning_with_ros2/build/planning
