[0.140s] DEBUG:colcon:Command line arguments: ['/usr/bin/colcon', 'build']
[0.140s] DEBUG:colcon:Parsed command line arguments: Namespace(log_base=None, log_level=None, verb_name='build', build_base='build', install_base='install', merge_install=False, symlink_install=False, test_result_base=None, continue_on_error=False, executor='parallel', parallel_workers=12, event_handlers=None, ignore_user_meta=False, metas=['./colcon.meta'], base_paths=['.'], packages_ignore=None, packages_ignore_regex=None, paths=None, packages_up_to=None, packages_up_to_regex=None, packages_above=None, packages_above_and_dependencies=None, packages_above_depth=None, packages_select_by_dep=None, packages_skip_by_dep=None, packages_skip_up_to=None, packages_select_build_failed=False, packages_skip_build_finished=False, packages_select_test_failures=False, packages_skip_test_passed=False, packages_select=None, packages_skip=None, packages_select_regex=None, packages_skip_regex=None, packages_start=None, packages_end=None, allow_overriding=[], cmake_args=None, cmake_target=None, cmake_target_skip_unavailable=False, cmake_clean_cache=False, cmake_clean_first=False, cmake_force_configure=False, ament_cmake_args=None, catkin_cmake_args=None, catkin_skip_building_tests=False, verb_parser=<colcon_defaults.argument_parser.defaults.DefaultArgumentsDecorator object at 0x7ef95e554d30>, verb_extension=<colcon_core.verb.build.BuildVerb object at 0x7ef95e6c5420>, main=<bound method BuildVerb.main of <colcon_core.verb.build.BuildVerb object at 0x7ef95e6c5420>>)
[0.381s] Level 1:colcon.colcon_core.package_discovery:discover_packages(colcon_meta) check parameters
[0.381s] Level 1:colcon.colcon_core.package_discovery:discover_packages(recursive) check parameters
[0.381s] Level 1:colcon.colcon_core.package_discovery:discover_packages(ignore) check parameters
[0.381s] Level 1:colcon.colcon_core.package_discovery:discover_packages(path) check parameters
[0.381s] Level 1:colcon.colcon_core.package_discovery:discover_packages(colcon_meta) discover
[0.381s] Level 1:colcon.colcon_core.package_discovery:discover_packages(recursive) discover
[0.381s] INFO:colcon.colcon_core.package_discovery:Crawling recursively for packages in '/home/abc/planning_with_ros2'
[0.381s] Level 1:colcon.colcon_core.package_identification:_identify(.) by extensions ['ignore', 'ignore_ament_install']
[0.381s] Level 1:colcon.colcon_core.package_identification:_identify(.) by extension 'ignore'
[0.381s] Level 1:colcon.colcon_core.package_identification:_identify(.) by extension 'ignore_ament_install'
[0.381s] Level 1:colcon.colcon_core.package_identification:_identify(.) by extensions ['colcon_pkg']
[0.381s] Level 1:colcon.colcon_core.package_identification:_identify(.) by extension 'colcon_pkg'
[0.381s] Level 1:colcon.colcon_core.package_identification:_identify(.) by extensions ['colcon_meta']
[0.382s] Level 1:colcon.colcon_core.package_identification:_identify(.) by extension 'colcon_meta'
[0.382s] Level 1:colcon.colcon_core.package_identification:_identify(.) by extensions ['ros']
[0.382s] Level 1:colcon.colcon_core.package_identification:_identify(.) by extension 'ros'
[0.394s] Level 1:colcon.colcon_core.package_identification:_identify(.) by extensions ['cmake', 'python']
[0.395s] Level 1:colcon.colcon_core.package_identification:_identify(.) by extension 'cmake'
[0.395s] Level 1:colcon.colcon_core.package_identification:_identify(.) by extension 'python'
[0.395s] Level 1:colcon.colcon_core.package_identification:_identify(.) by extensions ['python_setup_py']
[0.395s] Level 1:colcon.colcon_core.package_identification:_identify(.) by extension 'python_setup_py'
[0.395s] Level 1:colcon.colcon_core.package_identification:_identify(build) by extensions ['ignore', 'ignore_ament_install']
[0.395s] Level 1:colcon.colcon_core.package_identification:_identify(build) by extension 'ignore'
[0.395s] Level 1:colcon.colcon_core.package_identification:_identify(build) ignored
[0.395s] Level 1:colcon.colcon_core.package_identification:_identify(doc) by extensions ['ignore', 'ignore_ament_install']
[0.395s] Level 1:colcon.colcon_core.package_identification:_identify(doc) by extension 'ignore'
[0.395s] Level 1:colcon.colcon_core.package_identification:_identify(doc) by extension 'ignore_ament_install'
[0.395s] Level 1:colcon.colcon_core.package_identification:_identify(doc) by extensions ['colcon_pkg']
[0.395s] Level 1:colcon.colcon_core.package_identification:_identify(doc) by extension 'colcon_pkg'
[0.396s] Level 1:colcon.colcon_core.package_identification:_identify(doc) by extensions ['colcon_meta']
[0.396s] Level 1:colcon.colcon_core.package_identification:_identify(doc) by extension 'colcon_meta'
[0.396s] Level 1:colcon.colcon_core.package_identification:_identify(doc) by extensions ['ros']
[0.396s] Level 1:colcon.colcon_core.package_identification:_identify(doc) by extension 'ros'
[0.396s] Level 1:colcon.colcon_core.package_identification:_identify(doc) by extensions ['cmake', 'python']
[0.396s] Level 1:colcon.colcon_core.package_identification:_identify(doc) by extension 'cmake'
[0.396s] Level 1:colcon.colcon_core.package_identification:_identify(doc) by extension 'python'
[0.396s] Level 1:colcon.colcon_core.package_identification:_identify(doc) by extensions ['python_setup_py']
[0.396s] Level 1:colcon.colcon_core.package_identification:_identify(doc) by extension 'python_setup_py'
[0.396s] Level 1:colcon.colcon_core.package_identification:_identify(install) by extensions ['ignore', 'ignore_ament_install']
[0.396s] Level 1:colcon.colcon_core.package_identification:_identify(install) by extension 'ignore'
[0.396s] Level 1:colcon.colcon_core.package_identification:_identify(install) ignored
[0.396s] Level 1:colcon.colcon_core.package_identification:_identify(log) by extensions ['ignore', 'ignore_ament_install']
[0.396s] Level 1:colcon.colcon_core.package_identification:_identify(log) by extension 'ignore'
[0.396s] Level 1:colcon.colcon_core.package_identification:_identify(log) ignored
[0.396s] Level 1:colcon.colcon_core.package_identification:_identify(src) by extensions ['ignore', 'ignore_ament_install']
[0.397s] Level 1:colcon.colcon_core.package_identification:_identify(src) by extension 'ignore'
[0.397s] Level 1:colcon.colcon_core.package_identification:_identify(src) by extension 'ignore_ament_install'
[0.397s] Level 1:colcon.colcon_core.package_identification:_identify(src) by extensions ['colcon_pkg']
[0.397s] Level 1:colcon.colcon_core.package_identification:_identify(src) by extension 'colcon_pkg'
[0.397s] Level 1:colcon.colcon_core.package_identification:_identify(src) by extensions ['colcon_meta']
[0.397s] Level 1:colcon.colcon_core.package_identification:_identify(src) by extension 'colcon_meta'
[0.397s] Level 1:colcon.colcon_core.package_identification:_identify(src) by extensions ['ros']
[0.397s] Level 1:colcon.colcon_core.package_identification:_identify(src) by extension 'ros'
[0.397s] Level 1:colcon.colcon_core.package_identification:_identify(src) by extensions ['cmake', 'python']
[0.397s] Level 1:colcon.colcon_core.package_identification:_identify(src) by extension 'cmake'
[0.397s] Level 1:colcon.colcon_core.package_identification:_identify(src) by extension 'python'
[0.397s] Level 1:colcon.colcon_core.package_identification:_identify(src) by extensions ['python_setup_py']
[0.397s] Level 1:colcon.colcon_core.package_identification:_identify(src) by extension 'python_setup_py'
[0.397s] Level 1:colcon.colcon_core.package_identification:_identify(src/base_msgs) by extensions ['ignore', 'ignore_ament_install']
[0.397s] Level 1:colcon.colcon_core.package_identification:_identify(src/base_msgs) by extension 'ignore'
[0.397s] Level 1:colcon.colcon_core.package_identification:_identify(src/base_msgs) by extension 'ignore_ament_install'
[0.397s] Level 1:colcon.colcon_core.package_identification:_identify(src/base_msgs) by extensions ['colcon_pkg']
[0.397s] Level 1:colcon.colcon_core.package_identification:_identify(src/base_msgs) by extension 'colcon_pkg'
[0.397s] Level 1:colcon.colcon_core.package_identification:_identify(src/base_msgs) by extensions ['colcon_meta']
[0.397s] Level 1:colcon.colcon_core.package_identification:_identify(src/base_msgs) by extension 'colcon_meta'
[0.398s] Level 1:colcon.colcon_core.package_identification:_identify(src/base_msgs) by extensions ['ros']
[0.398s] Level 1:colcon.colcon_core.package_identification:_identify(src/base_msgs) by extension 'ros'
[0.401s] DEBUG:colcon.colcon_core.package_identification:Package 'src/base_msgs' with type 'ros.ament_cmake' and name 'base_msgs'
[0.401s] Level 1:colcon.colcon_core.package_identification:_identify(src/data_plot) by extensions ['ignore', 'ignore_ament_install']
[0.401s] Level 1:colcon.colcon_core.package_identification:_identify(src/data_plot) by extension 'ignore'
[0.401s] Level 1:colcon.colcon_core.package_identification:_identify(src/data_plot) by extension 'ignore_ament_install'
[0.401s] Level 1:colcon.colcon_core.package_identification:_identify(src/data_plot) by extensions ['colcon_pkg']
[0.401s] Level 1:colcon.colcon_core.package_identification:_identify(src/data_plot) by extension 'colcon_pkg'
[0.401s] Level 1:colcon.colcon_core.package_identification:_identify(src/data_plot) by extensions ['colcon_meta']
[0.401s] Level 1:colcon.colcon_core.package_identification:_identify(src/data_plot) by extension 'colcon_meta'
[0.401s] Level 1:colcon.colcon_core.package_identification:_identify(src/data_plot) by extensions ['ros']
[0.401s] Level 1:colcon.colcon_core.package_identification:_identify(src/data_plot) by extension 'ros'
[0.402s] DEBUG:colcon.colcon_core.package_identification:Package 'src/data_plot' with type 'ros.ament_python' and name 'data_plot'
[0.402s] Level 1:colcon.colcon_core.package_identification:_identify(src/planning) by extensions ['ignore', 'ignore_ament_install']
[0.402s] Level 1:colcon.colcon_core.package_identification:_identify(src/planning) by extension 'ignore'
[0.402s] Level 1:colcon.colcon_core.package_identification:_identify(src/planning) by extension 'ignore_ament_install'
[0.402s] Level 1:colcon.colcon_core.package_identification:_identify(src/planning) by extensions ['colcon_pkg']
[0.402s] Level 1:colcon.colcon_core.package_identification:_identify(src/planning) by extension 'colcon_pkg'
[0.402s] Level 1:colcon.colcon_core.package_identification:_identify(src/planning) by extensions ['colcon_meta']
[0.402s] Level 1:colcon.colcon_core.package_identification:_identify(src/planning) by extension 'colcon_meta'
[0.402s] Level 1:colcon.colcon_core.package_identification:_identify(src/planning) by extensions ['ros']
[0.402s] Level 1:colcon.colcon_core.package_identification:_identify(src/planning) by extension 'ros'
[0.404s] DEBUG:colcon.colcon_core.package_identification:Package 'src/planning' with type 'ros.ament_cmake' and name 'planning'
[0.404s] Level 1:colcon.colcon_core.package_discovery:discover_packages(recursive) using defaults
[0.404s] Level 1:colcon.colcon_core.package_discovery:discover_packages(ignore) discover
[0.404s] Level 1:colcon.colcon_core.package_discovery:discover_packages(ignore) using defaults
[0.404s] Level 1:colcon.colcon_core.package_discovery:discover_packages(path) discover
[0.404s] Level 1:colcon.colcon_core.package_discovery:discover_packages(path) using defaults
[0.440s] Level 1:colcon.colcon_core.package_discovery:discover_packages(prefix_path) check parameters
[0.440s] Level 1:colcon.colcon_core.package_discovery:discover_packages(prefix_path) discover
[0.441s] WARNING:colcon.colcon_ros.prefix_path.ament:The path '/home/abc/planning_with_ros2/install/planning' in the environment variable AMENT_PREFIX_PATH doesn't exist
[0.441s] WARNING:colcon.colcon_ros.prefix_path.ament:The path '/home/abc/planning_with_ros2/install/data_plot' in the environment variable AMENT_PREFIX_PATH doesn't exist
[0.441s] WARNING:colcon.colcon_ros.prefix_path.ament:The path '/home/abc/planning_with_ros2/install/base_msgs' in the environment variable AMENT_PREFIX_PATH doesn't exist
[0.442s] WARNING:colcon.colcon_ros.prefix_path.catkin:The path '/home/abc/planning_with_ros2/install/planning' in the environment variable CMAKE_PREFIX_PATH doesn't exist
[0.442s] WARNING:colcon.colcon_ros.prefix_path.catkin:The path '/home/abc/planning_with_ros2/install/base_msgs' in the environment variable CMAKE_PREFIX_PATH doesn't exist
[0.443s] DEBUG:colcon.colcon_installed_package_information.package_discovery:Found 0 installed packages in /home/abc/planning_with_ros2/install
[0.443s] DEBUG:colcon.colcon_installed_package_information.package_discovery:Found 3 installed packages in /home/abc/perception_with_ros2/install
[0.445s] DEBUG:colcon.colcon_installed_package_information.package_discovery:Found 323 installed packages in /opt/ros/humble
[0.447s] Level 1:colcon.colcon_core.package_discovery:discover_packages(prefix_path) using defaults
[0.494s] Level 5:colcon.colcon_core.verb:set package 'base_msgs' build argument 'cmake_args' from command line to 'None'
[0.494s] Level 5:colcon.colcon_core.verb:set package 'base_msgs' build argument 'cmake_target' from command line to 'None'
[0.494s] Level 5:colcon.colcon_core.verb:set package 'base_msgs' build argument 'cmake_target_skip_unavailable' from command line to 'False'
[0.494s] Level 5:colcon.colcon_core.verb:set package 'base_msgs' build argument 'cmake_clean_cache' from command line to 'False'
[0.494s] Level 5:colcon.colcon_core.verb:set package 'base_msgs' build argument 'cmake_clean_first' from command line to 'False'
[0.494s] Level 5:colcon.colcon_core.verb:set package 'base_msgs' build argument 'cmake_force_configure' from command line to 'False'
[0.494s] Level 5:colcon.colcon_core.verb:set package 'base_msgs' build argument 'ament_cmake_args' from command line to 'None'
[0.494s] Level 5:colcon.colcon_core.verb:set package 'base_msgs' build argument 'catkin_cmake_args' from command line to 'None'
[0.494s] Level 5:colcon.colcon_core.verb:set package 'base_msgs' build argument 'catkin_skip_building_tests' from command line to 'False'
[0.494s] DEBUG:colcon.colcon_core.verb:Building package 'base_msgs' with the following arguments: {'ament_cmake_args': None, 'build_base': '/home/abc/planning_with_ros2/build/base_msgs', 'catkin_cmake_args': None, 'catkin_skip_building_tests': False, 'cmake_args': None, 'cmake_clean_cache': False, 'cmake_clean_first': False, 'cmake_force_configure': False, 'cmake_target': None, 'cmake_target_skip_unavailable': False, 'install_base': '/home/abc/planning_with_ros2/install/base_msgs', 'merge_install': False, 'path': '/home/abc/planning_with_ros2/src/base_msgs', 'symlink_install': False, 'test_result_base': None}
[0.494s] Level 5:colcon.colcon_core.verb:set package 'data_plot' build argument 'cmake_args' from command line to 'None'
[0.494s] Level 5:colcon.colcon_core.verb:set package 'data_plot' build argument 'cmake_target' from command line to 'None'
[0.494s] Level 5:colcon.colcon_core.verb:set package 'data_plot' build argument 'cmake_target_skip_unavailable' from command line to 'False'
[0.494s] Level 5:colcon.colcon_core.verb:set package 'data_plot' build argument 'cmake_clean_cache' from command line to 'False'
[0.494s] Level 5:colcon.colcon_core.verb:set package 'data_plot' build argument 'cmake_clean_first' from command line to 'False'
[0.494s] Level 5:colcon.colcon_core.verb:set package 'data_plot' build argument 'cmake_force_configure' from command line to 'False'
[0.494s] Level 5:colcon.colcon_core.verb:set package 'data_plot' build argument 'ament_cmake_args' from command line to 'None'
[0.495s] Level 5:colcon.colcon_core.verb:set package 'data_plot' build argument 'catkin_cmake_args' from command line to 'None'
[0.495s] Level 5:colcon.colcon_core.verb:set package 'data_plot' build argument 'catkin_skip_building_tests' from command line to 'False'
[0.495s] DEBUG:colcon.colcon_core.verb:Building package 'data_plot' with the following arguments: {'ament_cmake_args': None, 'build_base': '/home/abc/planning_with_ros2/build/data_plot', 'catkin_cmake_args': None, 'catkin_skip_building_tests': False, 'cmake_args': None, 'cmake_clean_cache': False, 'cmake_clean_first': False, 'cmake_force_configure': False, 'cmake_target': None, 'cmake_target_skip_unavailable': False, 'install_base': '/home/abc/planning_with_ros2/install/data_plot', 'merge_install': False, 'path': '/home/abc/planning_with_ros2/src/data_plot', 'symlink_install': False, 'test_result_base': None}
[0.495s] Level 5:colcon.colcon_core.verb:set package 'planning' build argument 'cmake_args' from command line to 'None'
[0.495s] Level 5:colcon.colcon_core.verb:set package 'planning' build argument 'cmake_target' from command line to 'None'
[0.495s] Level 5:colcon.colcon_core.verb:set package 'planning' build argument 'cmake_target_skip_unavailable' from command line to 'False'
[0.495s] Level 5:colcon.colcon_core.verb:set package 'planning' build argument 'cmake_clean_cache' from command line to 'False'
[0.495s] Level 5:colcon.colcon_core.verb:set package 'planning' build argument 'cmake_clean_first' from command line to 'False'
[0.495s] Level 5:colcon.colcon_core.verb:set package 'planning' build argument 'cmake_force_configure' from command line to 'False'
[0.495s] Level 5:colcon.colcon_core.verb:set package 'planning' build argument 'ament_cmake_args' from command line to 'None'
[0.495s] Level 5:colcon.colcon_core.verb:set package 'planning' build argument 'catkin_cmake_args' from command line to 'None'
[0.495s] Level 5:colcon.colcon_core.verb:set package 'planning' build argument 'catkin_skip_building_tests' from command line to 'False'
[0.495s] DEBUG:colcon.colcon_core.verb:Building package 'planning' with the following arguments: {'ament_cmake_args': None, 'build_base': '/home/abc/planning_with_ros2/build/planning', 'catkin_cmake_args': None, 'catkin_skip_building_tests': False, 'cmake_args': None, 'cmake_clean_cache': False, 'cmake_clean_first': False, 'cmake_force_configure': False, 'cmake_target': None, 'cmake_target_skip_unavailable': False, 'install_base': '/home/abc/planning_with_ros2/install/planning', 'merge_install': False, 'path': '/home/abc/planning_with_ros2/src/planning', 'symlink_install': False, 'test_result_base': None}
[0.496s] INFO:colcon.colcon_core.executor:Executing jobs using 'parallel' executor
[0.497s] DEBUG:colcon.colcon_parallel_executor.executor.parallel:run_until_complete
[0.497s] INFO:colcon.colcon_ros.task.ament_cmake.build:Building ROS package in '/home/abc/planning_with_ros2/src/base_msgs' with build type 'ament_cmake'
[0.497s] INFO:colcon.colcon_cmake.task.cmake.build:Building CMake package in '/home/abc/planning_with_ros2/src/base_msgs'
[0.504s] INFO:colcon.colcon_core.plugin_system:Skipping extension 'colcon_core.shell.bat': Not used on non-Windows systems
[0.504s] INFO:colcon.colcon_core.shell:Skip shell extension 'powershell' for command environment: Not usable outside of PowerShell
[0.504s] DEBUG:colcon.colcon_core.shell:Skip shell extension 'dsv' for command environment
[0.513s] DEBUG:colcon.colcon_core.event_handler.log_command:Invoking command in '/home/abc/planning_with_ros2/build/base_msgs': CMAKE_PREFIX_PATH=${CMAKE_PREFIX_PATH}:/home/abc/planning_with_ros2/install/data_plot:/home/abc/perception_with_ros2/install/data_plot_per:/opt/ros/humble /usr/local/bin/cmake /home/abc/planning_with_ros2/src/base_msgs -DCMAKE_INSTALL_PREFIX=/home/abc/planning_with_ros2/install/base_msgs
[3.845s] DEBUG:colcon.colcon_core.event_handler.log_command:Invoked command in '/home/abc/planning_with_ros2/build/base_msgs' returned '0': CMAKE_PREFIX_PATH=${CMAKE_PREFIX_PATH}:/home/abc/planning_with_ros2/install/data_plot:/home/abc/perception_with_ros2/install/data_plot_per:/opt/ros/humble /usr/local/bin/cmake /home/abc/planning_with_ros2/src/base_msgs -DCMAKE_INSTALL_PREFIX=/home/abc/planning_with_ros2/install/base_msgs
[3.847s] DEBUG:colcon.colcon_core.event_handler.log_command:Invoking command in '/home/abc/planning_with_ros2/build/base_msgs': CMAKE_PREFIX_PATH=${CMAKE_PREFIX_PATH}:/home/abc/planning_with_ros2/install/data_plot:/home/abc/perception_with_ros2/install/data_plot_per:/opt/ros/humble /usr/local/bin/cmake --build /home/abc/planning_with_ros2/build/base_msgs -- -j12 -l12
[14.099s] DEBUG:colcon.colcon_core.event_handler.log_command:Invoked command in '/home/abc/planning_with_ros2/build/base_msgs' returned '0': CMAKE_PREFIX_PATH=${CMAKE_PREFIX_PATH}:/home/abc/planning_with_ros2/install/data_plot:/home/abc/perception_with_ros2/install/data_plot_per:/opt/ros/humble /usr/local/bin/cmake --build /home/abc/planning_with_ros2/build/base_msgs -- -j12 -l12
[14.102s] DEBUG:colcon.colcon_core.event_handler.log_command:Invoking command in '/home/abc/planning_with_ros2/build/base_msgs': CMAKE_PREFIX_PATH=${CMAKE_PREFIX_PATH}:/home/abc/planning_with_ros2/install/data_plot:/home/abc/perception_with_ros2/install/data_plot_per:/opt/ros/humble /usr/local/bin/cmake --install /home/abc/planning_with_ros2/build/base_msgs
[14.201s] Level 1:colcon.colcon_core.environment:create_environment_scripts_only(base_msgs)
[14.202s] DEBUG:colcon.colcon_core.event_handler.log_command:Invoked command in '/home/abc/planning_with_ros2/build/base_msgs' returned '0': CMAKE_PREFIX_PATH=${CMAKE_PREFIX_PATH}:/home/abc/planning_with_ros2/install/data_plot:/home/abc/perception_with_ros2/install/data_plot_per:/opt/ros/humble /usr/local/bin/cmake --install /home/abc/planning_with_ros2/build/base_msgs
[14.207s] Level 1:colcon.colcon_core.environment:checking '/home/abc/planning_with_ros2/install/base_msgs' for CMake module files
[14.207s] Level 1:colcon.colcon_core.environment:checking '/home/abc/planning_with_ros2/install/base_msgs' for CMake config files
[14.207s] Level 1:colcon.colcon_core.shell:create_environment_hook('base_msgs', 'cmake_prefix_path')
[14.208s] INFO:colcon.colcon_core.shell:Creating environment hook '/home/abc/planning_with_ros2/install/base_msgs/share/base_msgs/hook/cmake_prefix_path.ps1'
[14.208s] INFO:colcon.colcon_core.shell:Creating environment descriptor '/home/abc/planning_with_ros2/install/base_msgs/share/base_msgs/hook/cmake_prefix_path.dsv'
[14.208s] INFO:colcon.colcon_core.shell:Creating environment hook '/home/abc/planning_with_ros2/install/base_msgs/share/base_msgs/hook/cmake_prefix_path.sh'
[14.209s] Level 1:colcon.colcon_core.environment:checking '/home/abc/planning_with_ros2/install/base_msgs/lib'
[14.209s] Level 1:colcon.colcon_core.shell:create_environment_hook('base_msgs', 'ld_library_path_lib')
[14.210s] INFO:colcon.colcon_core.shell:Creating environment hook '/home/abc/planning_with_ros2/install/base_msgs/share/base_msgs/hook/ld_library_path_lib.ps1'
[14.210s] INFO:colcon.colcon_core.shell:Creating environment descriptor '/home/abc/planning_with_ros2/install/base_msgs/share/base_msgs/hook/ld_library_path_lib.dsv'
[14.210s] INFO:colcon.colcon_core.shell:Creating environment hook '/home/abc/planning_with_ros2/install/base_msgs/share/base_msgs/hook/ld_library_path_lib.sh'
[14.211s] Level 1:colcon.colcon_core.environment:checking '/home/abc/planning_with_ros2/install/base_msgs/bin'
[14.211s] Level 1:colcon.colcon_core.environment:checking '/home/abc/planning_with_ros2/install/base_msgs/lib/pkgconfig/base_msgs.pc'
[14.211s] Level 1:colcon.colcon_core.environment:checking '/home/abc/planning_with_ros2/install/base_msgs/lib/python3.10/site-packages'
[14.211s] Level 1:colcon.colcon_core.environment:checking '/home/abc/planning_with_ros2/install/base_msgs/bin'
[14.212s] INFO:colcon.colcon_core.shell:Creating package script '/home/abc/planning_with_ros2/install/base_msgs/share/base_msgs/package.ps1'
[14.212s] INFO:colcon.colcon_core.shell:Creating package descriptor '/home/abc/planning_with_ros2/install/base_msgs/share/base_msgs/package.dsv'
[14.213s] INFO:colcon.colcon_core.shell:Creating package script '/home/abc/planning_with_ros2/install/base_msgs/share/base_msgs/package.sh'
[14.214s] INFO:colcon.colcon_core.shell:Creating package script '/home/abc/planning_with_ros2/install/base_msgs/share/base_msgs/package.bash'
[14.214s] INFO:colcon.colcon_core.shell:Creating package script '/home/abc/planning_with_ros2/install/base_msgs/share/base_msgs/package.zsh'
[14.215s] Level 1:colcon.colcon_core.environment:create_file_with_runtime_dependencies(/home/abc/planning_with_ros2/install/base_msgs/share/colcon-core/packages/base_msgs)
[14.216s] Level 1:colcon.colcon_core.environment:create_environment_scripts_only(base_msgs)
[14.216s] Level 1:colcon.colcon_core.environment:checking '/home/abc/planning_with_ros2/install/base_msgs' for CMake module files
[14.216s] Level 1:colcon.colcon_core.environment:checking '/home/abc/planning_with_ros2/install/base_msgs' for CMake config files
[14.216s] Level 1:colcon.colcon_core.shell:create_environment_hook('base_msgs', 'cmake_prefix_path')
[14.217s] INFO:colcon.colcon_core.shell:Creating environment hook '/home/abc/planning_with_ros2/install/base_msgs/share/base_msgs/hook/cmake_prefix_path.ps1'
[14.217s] INFO:colcon.colcon_core.shell:Creating environment descriptor '/home/abc/planning_with_ros2/install/base_msgs/share/base_msgs/hook/cmake_prefix_path.dsv'
[14.217s] INFO:colcon.colcon_core.shell:Creating environment hook '/home/abc/planning_with_ros2/install/base_msgs/share/base_msgs/hook/cmake_prefix_path.sh'
[14.218s] Level 1:colcon.colcon_core.environment:checking '/home/abc/planning_with_ros2/install/base_msgs/lib'
[14.218s] Level 1:colcon.colcon_core.shell:create_environment_hook('base_msgs', 'ld_library_path_lib')
[14.218s] INFO:colcon.colcon_core.shell:Creating environment hook '/home/abc/planning_with_ros2/install/base_msgs/share/base_msgs/hook/ld_library_path_lib.ps1'
[14.218s] INFO:colcon.colcon_core.shell:Creating environment descriptor '/home/abc/planning_with_ros2/install/base_msgs/share/base_msgs/hook/ld_library_path_lib.dsv'
[14.219s] INFO:colcon.colcon_core.shell:Creating environment hook '/home/abc/planning_with_ros2/install/base_msgs/share/base_msgs/hook/ld_library_path_lib.sh'
[14.219s] Level 1:colcon.colcon_core.environment:checking '/home/abc/planning_with_ros2/install/base_msgs/bin'
[14.219s] Level 1:colcon.colcon_core.environment:checking '/home/abc/planning_with_ros2/install/base_msgs/lib/pkgconfig/base_msgs.pc'
[14.219s] Level 1:colcon.colcon_core.environment:checking '/home/abc/planning_with_ros2/install/base_msgs/lib/python3.10/site-packages'
[14.220s] Level 1:colcon.colcon_core.environment:checking '/home/abc/planning_with_ros2/install/base_msgs/bin'
[14.220s] INFO:colcon.colcon_core.shell:Creating package script '/home/abc/planning_with_ros2/install/base_msgs/share/base_msgs/package.ps1'
[14.220s] INFO:colcon.colcon_core.shell:Creating package descriptor '/home/abc/planning_with_ros2/install/base_msgs/share/base_msgs/package.dsv'
[14.221s] INFO:colcon.colcon_core.shell:Creating package script '/home/abc/planning_with_ros2/install/base_msgs/share/base_msgs/package.sh'
[14.221s] INFO:colcon.colcon_core.shell:Creating package script '/home/abc/planning_with_ros2/install/base_msgs/share/base_msgs/package.bash'
[14.222s] INFO:colcon.colcon_core.shell:Creating package script '/home/abc/planning_with_ros2/install/base_msgs/share/base_msgs/package.zsh'
[14.222s] Level 1:colcon.colcon_core.environment:create_file_with_runtime_dependencies(/home/abc/planning_with_ros2/install/base_msgs/share/colcon-core/packages/base_msgs)
[14.223s] INFO:colcon.colcon_ros.task.ament_python.build:Building ROS package in '/home/abc/planning_with_ros2/src/data_plot' with build type 'ament_python'
[14.223s] Level 1:colcon.colcon_core.shell:create_environment_hook('data_plot', 'ament_prefix_path')
[14.223s] INFO:colcon.colcon_core.shell:Creating environment hook '/home/abc/planning_with_ros2/install/data_plot/share/data_plot/hook/ament_prefix_path.ps1'
[14.224s] INFO:colcon.colcon_core.shell:Creating environment descriptor '/home/abc/planning_with_ros2/install/data_plot/share/data_plot/hook/ament_prefix_path.dsv'
[14.224s] INFO:colcon.colcon_core.shell:Creating environment hook '/home/abc/planning_with_ros2/install/data_plot/share/data_plot/hook/ament_prefix_path.sh'
[14.224s] INFO:colcon.colcon_core.shell:Skip shell extension 'powershell' for command environment: Not usable outside of PowerShell
[14.224s] DEBUG:colcon.colcon_core.shell:Skip shell extension 'dsv' for command environment
[14.228s] INFO:colcon.colcon_ros.task.ament_cmake.build:Building ROS package in '/home/abc/planning_with_ros2/src/planning' with build type 'ament_cmake'
[14.228s] INFO:colcon.colcon_cmake.task.cmake.build:Building CMake package in '/home/abc/planning_with_ros2/src/planning'
[14.228s] INFO:colcon.colcon_core.shell:Skip shell extension 'powershell' for command environment: Not usable outside of PowerShell
[14.228s] DEBUG:colcon.colcon_core.shell:Skip shell extension 'dsv' for command environment
[14.498s] INFO:colcon.colcon_core.task.python.build:Building Python package in '/home/abc/planning_with_ros2/src/data_plot'
[14.498s] INFO:colcon.colcon_core.shell:Skip shell extension 'powershell' for command environment: Not usable outside of PowerShell
[14.498s] DEBUG:colcon.colcon_core.shell:Skip shell extension 'dsv' for command environment
[14.504s] DEBUG:colcon.colcon_core.event_handler.log_command:Invoking command in '/home/abc/planning_with_ros2/build/planning': CMAKE_PREFIX_PATH=/home/abc/planning_with_ros2/install/base_msgs:/home/abc/planning_with_ros2/install/planning:/home/abc/perception_with_ros2/install/perception:/home/abc/perception_with_ros2/install/base_msgs_per:/home/abc/planning_with_ros2/install/data_plot:/home/abc/perception_with_ros2/install/data_plot_per:/opt/ros/humble LD_LIBRARY_PATH=/home/abc/planning_with_ros2/install/base_msgs/lib:/usr/local/cuda-11.8/lib64:/home/abc/planning_with_ros2/install/planning/lib:/usr/local/cuda-11.8/lib64:/home/abc/planning_with_ros2/install/planning/lib:/home/abc/planning_with_ros2/install/planning/lib:/home/abc/perception_with_ros2/install/perception/lib:/home/abc/perception_with_ros2/install/base_msgs_per/lib:/usr/lib/x86_64-linux-gnu/gazebo-11/plugins:/opt/ros/humble/opt/rviz_ogre_vendor/lib:/opt/ros/humble/lib/x86_64-linux-gnu:/opt/ros/humble/lib:/home/abc/TensorRT-8.6/lib:/home/abc/TensorRT-8.6/lib /usr/local/bin/cmake /home/abc/planning_with_ros2/src/planning -DCMAKE_INSTALL_PREFIX=/home/abc/planning_with_ros2/install/planning
[14.912s] DEBUG:colcon.colcon_core.event_handler.log_command:Invoking command in '/home/abc/planning_with_ros2/src/data_plot': CMAKE_PREFIX_PATH=/home/abc/planning_with_ros2/install/base_msgs:/home/abc/planning_with_ros2/install/planning:/home/abc/perception_with_ros2/install/perception:/home/abc/perception_with_ros2/install/base_msgs_per LD_LIBRARY_PATH=/home/abc/planning_with_ros2/install/base_msgs/lib:/usr/local/cuda-11.8/lib64:/home/abc/planning_with_ros2/install/planning/lib:/usr/local/cuda-11.8/lib64:/home/abc/planning_with_ros2/install/planning/lib:/home/abc/planning_with_ros2/install/planning/lib:/home/abc/perception_with_ros2/install/perception/lib:/home/abc/perception_with_ros2/install/base_msgs_per/lib:/usr/lib/x86_64-linux-gnu/gazebo-11/plugins:/opt/ros/humble/opt/rviz_ogre_vendor/lib:/opt/ros/humble/lib/x86_64-linux-gnu:/opt/ros/humble/lib:/home/abc/TensorRT-8.6/lib:/home/abc/TensorRT-8.6/lib PYTHONPATH=/home/abc/planning_with_ros2/build/data_plot/prefix_override:/usr/lib/python3/dist-packages/colcon_core/task/python/colcon_distutils_commands:/home/abc/planning_with_ros2/install/data_plot/lib/python3.10/site-packages:${PYTHONPATH} /usr/bin/python3 -W ignore:setup.py install is deprecated -W ignore:easy_install command is deprecated setup.py egg_info --egg-base ../../build/data_plot build --build-base /home/abc/planning_with_ros2/build/data_plot/build install --record /home/abc/planning_with_ros2/build/data_plot/install.log --single-version-externally-managed install_data
[15.212s] Level 1:colcon.colcon_core.environment:checking '/home/abc/planning_with_ros2/install/data_plot' for CMake module files
[15.212s] DEBUG:colcon.colcon_core.event_handler.log_command:Invoked command in '/home/abc/planning_with_ros2/src/data_plot' returned '0': CMAKE_PREFIX_PATH=/home/abc/planning_with_ros2/install/base_msgs:/home/abc/planning_with_ros2/install/planning:/home/abc/perception_with_ros2/install/perception:/home/abc/perception_with_ros2/install/base_msgs_per LD_LIBRARY_PATH=/home/abc/planning_with_ros2/install/base_msgs/lib:/usr/local/cuda-11.8/lib64:/home/abc/planning_with_ros2/install/planning/lib:/usr/local/cuda-11.8/lib64:/home/abc/planning_with_ros2/install/planning/lib:/home/abc/planning_with_ros2/install/planning/lib:/home/abc/perception_with_ros2/install/perception/lib:/home/abc/perception_with_ros2/install/base_msgs_per/lib:/usr/lib/x86_64-linux-gnu/gazebo-11/plugins:/opt/ros/humble/opt/rviz_ogre_vendor/lib:/opt/ros/humble/lib/x86_64-linux-gnu:/opt/ros/humble/lib:/home/abc/TensorRT-8.6/lib:/home/abc/TensorRT-8.6/lib PYTHONPATH=/home/abc/planning_with_ros2/build/data_plot/prefix_override:/usr/lib/python3/dist-packages/colcon_core/task/python/colcon_distutils_commands:/home/abc/planning_with_ros2/install/data_plot/lib/python3.10/site-packages:${PYTHONPATH} /usr/bin/python3 -W ignore:setup.py install is deprecated -W ignore:easy_install command is deprecated setup.py egg_info --egg-base ../../build/data_plot build --build-base /home/abc/planning_with_ros2/build/data_plot/build install --record /home/abc/planning_with_ros2/build/data_plot/install.log --single-version-externally-managed install_data
[15.213s] Level 1:colcon.colcon_core.environment:checking '/home/abc/planning_with_ros2/install/data_plot' for CMake config files
[15.213s] Level 1:colcon.colcon_core.environment:checking '/home/abc/planning_with_ros2/install/data_plot/lib'
[15.213s] Level 1:colcon.colcon_core.environment:checking '/home/abc/planning_with_ros2/install/data_plot/bin'
[15.213s] Level 1:colcon.colcon_core.environment:checking '/home/abc/planning_with_ros2/install/data_plot/lib/pkgconfig/data_plot.pc'
[15.214s] Level 1:colcon.colcon_core.environment:checking '/home/abc/planning_with_ros2/install/data_plot/lib/python3.10/site-packages'
[15.214s] Level 1:colcon.colcon_core.shell:create_environment_hook('data_plot', 'pythonpath')
[15.214s] INFO:colcon.colcon_core.shell:Creating environment hook '/home/abc/planning_with_ros2/install/data_plot/share/data_plot/hook/pythonpath.ps1'
[15.214s] INFO:colcon.colcon_core.shell:Creating environment descriptor '/home/abc/planning_with_ros2/install/data_plot/share/data_plot/hook/pythonpath.dsv'
[15.215s] INFO:colcon.colcon_core.shell:Creating environment hook '/home/abc/planning_with_ros2/install/data_plot/share/data_plot/hook/pythonpath.sh'
[15.215s] Level 1:colcon.colcon_core.environment:checking '/home/abc/planning_with_ros2/install/data_plot/bin'
[15.215s] Level 1:colcon.colcon_core.environment:create_environment_scripts_only(data_plot)
[15.216s] INFO:colcon.colcon_core.shell:Creating package script '/home/abc/planning_with_ros2/install/data_plot/share/data_plot/package.ps1'
[15.216s] INFO:colcon.colcon_core.shell:Creating package descriptor '/home/abc/planning_with_ros2/install/data_plot/share/data_plot/package.dsv'
[15.216s] INFO:colcon.colcon_core.shell:Creating package script '/home/abc/planning_with_ros2/install/data_plot/share/data_plot/package.sh'
[15.217s] INFO:colcon.colcon_core.shell:Creating package script '/home/abc/planning_with_ros2/install/data_plot/share/data_plot/package.bash'
[15.217s] INFO:colcon.colcon_core.shell:Creating package script '/home/abc/planning_with_ros2/install/data_plot/share/data_plot/package.zsh'
[15.217s] Level 1:colcon.colcon_core.environment:create_file_with_runtime_dependencies(/home/abc/planning_with_ros2/install/data_plot/share/colcon-core/packages/data_plot)
[16.171s] DEBUG:colcon.colcon_core.event_handler.log_command:Invoked command in '/home/abc/planning_with_ros2/build/planning' returned '0': CMAKE_PREFIX_PATH=/home/abc/planning_with_ros2/install/base_msgs:/home/abc/planning_with_ros2/install/planning:/home/abc/perception_with_ros2/install/perception:/home/abc/perception_with_ros2/install/base_msgs_per:/home/abc/planning_with_ros2/install/data_plot:/home/abc/perception_with_ros2/install/data_plot_per:/opt/ros/humble LD_LIBRARY_PATH=/home/abc/planning_with_ros2/install/base_msgs/lib:/usr/local/cuda-11.8/lib64:/home/abc/planning_with_ros2/install/planning/lib:/usr/local/cuda-11.8/lib64:/home/abc/planning_with_ros2/install/planning/lib:/home/abc/planning_with_ros2/install/planning/lib:/home/abc/perception_with_ros2/install/perception/lib:/home/abc/perception_with_ros2/install/base_msgs_per/lib:/usr/lib/x86_64-linux-gnu/gazebo-11/plugins:/opt/ros/humble/opt/rviz_ogre_vendor/lib:/opt/ros/humble/lib/x86_64-linux-gnu:/opt/ros/humble/lib:/home/abc/TensorRT-8.6/lib:/home/abc/TensorRT-8.6/lib /usr/local/bin/cmake /home/abc/planning_with_ros2/src/planning -DCMAKE_INSTALL_PREFIX=/home/abc/planning_with_ros2/install/planning
[16.172s] DEBUG:colcon.colcon_core.event_handler.log_command:Invoking command in '/home/abc/planning_with_ros2/build/planning': CMAKE_PREFIX_PATH=/home/abc/planning_with_ros2/install/base_msgs:/home/abc/planning_with_ros2/install/planning:/home/abc/perception_with_ros2/install/perception:/home/abc/perception_with_ros2/install/base_msgs_per:/home/abc/planning_with_ros2/install/data_plot:/home/abc/perception_with_ros2/install/data_plot_per:/opt/ros/humble LD_LIBRARY_PATH=/home/abc/planning_with_ros2/install/base_msgs/lib:/usr/local/cuda-11.8/lib64:/home/abc/planning_with_ros2/install/planning/lib:/usr/local/cuda-11.8/lib64:/home/abc/planning_with_ros2/install/planning/lib:/home/abc/planning_with_ros2/install/planning/lib:/home/abc/perception_with_ros2/install/perception/lib:/home/abc/perception_with_ros2/install/base_msgs_per/lib:/usr/lib/x86_64-linux-gnu/gazebo-11/plugins:/opt/ros/humble/opt/rviz_ogre_vendor/lib:/opt/ros/humble/lib/x86_64-linux-gnu:/opt/ros/humble/lib:/home/abc/TensorRT-8.6/lib:/home/abc/TensorRT-8.6/lib /usr/local/bin/cmake --build /home/abc/planning_with_ros2/build/planning -- -j12 -l12
[60.756s] DEBUG:colcon.colcon_core.event_handler.log_command:Invoked command in '/home/abc/planning_with_ros2/build/planning' returned '0': CMAKE_PREFIX_PATH=/home/abc/planning_with_ros2/install/base_msgs:/home/abc/planning_with_ros2/install/planning:/home/abc/perception_with_ros2/install/perception:/home/abc/perception_with_ros2/install/base_msgs_per:/home/abc/planning_with_ros2/install/data_plot:/home/abc/perception_with_ros2/install/data_plot_per:/opt/ros/humble LD_LIBRARY_PATH=/home/abc/planning_with_ros2/install/base_msgs/lib:/usr/local/cuda-11.8/lib64:/home/abc/planning_with_ros2/install/planning/lib:/usr/local/cuda-11.8/lib64:/home/abc/planning_with_ros2/install/planning/lib:/home/abc/planning_with_ros2/install/planning/lib:/home/abc/perception_with_ros2/install/perception/lib:/home/abc/perception_with_ros2/install/base_msgs_per/lib:/usr/lib/x86_64-linux-gnu/gazebo-11/plugins:/opt/ros/humble/opt/rviz_ogre_vendor/lib:/opt/ros/humble/lib/x86_64-linux-gnu:/opt/ros/humble/lib:/home/abc/TensorRT-8.6/lib:/home/abc/TensorRT-8.6/lib /usr/local/bin/cmake --build /home/abc/planning_with_ros2/build/planning -- -j12 -l12
[60.757s] DEBUG:colcon.colcon_core.event_handler.log_command:Invoking command in '/home/abc/planning_with_ros2/build/planning': CMAKE_PREFIX_PATH=/home/abc/planning_with_ros2/install/base_msgs:/home/abc/planning_with_ros2/install/planning:/home/abc/perception_with_ros2/install/perception:/home/abc/perception_with_ros2/install/base_msgs_per:/home/abc/planning_with_ros2/install/data_plot:/home/abc/perception_with_ros2/install/data_plot_per:/opt/ros/humble LD_LIBRARY_PATH=/home/abc/planning_with_ros2/install/base_msgs/lib:/usr/local/cuda-11.8/lib64:/home/abc/planning_with_ros2/install/planning/lib:/usr/local/cuda-11.8/lib64:/home/abc/planning_with_ros2/install/planning/lib:/home/abc/planning_with_ros2/install/planning/lib:/home/abc/perception_with_ros2/install/perception/lib:/home/abc/perception_with_ros2/install/base_msgs_per/lib:/usr/lib/x86_64-linux-gnu/gazebo-11/plugins:/opt/ros/humble/opt/rviz_ogre_vendor/lib:/opt/ros/humble/lib/x86_64-linux-gnu:/opt/ros/humble/lib:/home/abc/TensorRT-8.6/lib:/home/abc/TensorRT-8.6/lib /usr/local/bin/cmake --install /home/abc/planning_with_ros2/build/planning
[60.787s] Level 1:colcon.colcon_core.environment:create_environment_scripts_only(planning)
[60.788s] Level 1:colcon.colcon_core.environment:checking '/home/abc/planning_with_ros2/install/planning' for CMake module files
[60.788s] DEBUG:colcon.colcon_core.event_handler.log_command:Invoked command in '/home/abc/planning_with_ros2/build/planning' returned '0': CMAKE_PREFIX_PATH=/home/abc/planning_with_ros2/install/base_msgs:/home/abc/planning_with_ros2/install/planning:/home/abc/perception_with_ros2/install/perception:/home/abc/perception_with_ros2/install/base_msgs_per:/home/abc/planning_with_ros2/install/data_plot:/home/abc/perception_with_ros2/install/data_plot_per:/opt/ros/humble LD_LIBRARY_PATH=/home/abc/planning_with_ros2/install/base_msgs/lib:/usr/local/cuda-11.8/lib64:/home/abc/planning_with_ros2/install/planning/lib:/usr/local/cuda-11.8/lib64:/home/abc/planning_with_ros2/install/planning/lib:/home/abc/planning_with_ros2/install/planning/lib:/home/abc/perception_with_ros2/install/perception/lib:/home/abc/perception_with_ros2/install/base_msgs_per/lib:/usr/lib/x86_64-linux-gnu/gazebo-11/plugins:/opt/ros/humble/opt/rviz_ogre_vendor/lib:/opt/ros/humble/lib/x86_64-linux-gnu:/opt/ros/humble/lib:/home/abc/TensorRT-8.6/lib:/home/abc/TensorRT-8.6/lib /usr/local/bin/cmake --install /home/abc/planning_with_ros2/build/planning
[60.788s] Level 1:colcon.colcon_core.environment:checking '/home/abc/planning_with_ros2/install/planning' for CMake config files
[60.789s] Level 1:colcon.colcon_core.shell:create_environment_hook('planning', 'cmake_prefix_path')
[60.789s] INFO:colcon.colcon_core.shell:Creating environment hook '/home/abc/planning_with_ros2/install/planning/share/planning/hook/cmake_prefix_path.ps1'
[60.789s] INFO:colcon.colcon_core.shell:Creating environment descriptor '/home/abc/planning_with_ros2/install/planning/share/planning/hook/cmake_prefix_path.dsv'
[60.790s] INFO:colcon.colcon_core.shell:Creating environment hook '/home/abc/planning_with_ros2/install/planning/share/planning/hook/cmake_prefix_path.sh'
[60.790s] Level 1:colcon.colcon_core.environment:checking '/home/abc/planning_with_ros2/install/planning/lib'
[60.790s] Level 1:colcon.colcon_core.shell:create_environment_hook('planning', 'ld_library_path_lib')
[60.790s] INFO:colcon.colcon_core.shell:Creating environment hook '/home/abc/planning_with_ros2/install/planning/share/planning/hook/ld_library_path_lib.ps1'
[60.791s] INFO:colcon.colcon_core.shell:Creating environment descriptor '/home/abc/planning_with_ros2/install/planning/share/planning/hook/ld_library_path_lib.dsv'
[60.791s] INFO:colcon.colcon_core.shell:Creating environment hook '/home/abc/planning_with_ros2/install/planning/share/planning/hook/ld_library_path_lib.sh'
[60.791s] Level 1:colcon.colcon_core.environment:checking '/home/abc/planning_with_ros2/install/planning/bin'
[60.791s] Level 1:colcon.colcon_core.environment:checking '/home/abc/planning_with_ros2/install/planning/lib/pkgconfig/planning.pc'
[60.792s] Level 1:colcon.colcon_core.environment:checking '/home/abc/planning_with_ros2/install/planning/lib/python3.10/site-packages'
[60.792s] Level 1:colcon.colcon_core.environment:checking '/home/abc/planning_with_ros2/install/planning/bin'
[60.792s] INFO:colcon.colcon_core.shell:Creating package script '/home/abc/planning_with_ros2/install/planning/share/planning/package.ps1'
[60.793s] INFO:colcon.colcon_core.shell:Creating package descriptor '/home/abc/planning_with_ros2/install/planning/share/planning/package.dsv'
[60.793s] INFO:colcon.colcon_core.shell:Creating package script '/home/abc/planning_with_ros2/install/planning/share/planning/package.sh'
[60.793s] INFO:colcon.colcon_core.shell:Creating package script '/home/abc/planning_with_ros2/install/planning/share/planning/package.bash'
[60.794s] INFO:colcon.colcon_core.shell:Creating package script '/home/abc/planning_with_ros2/install/planning/share/planning/package.zsh'
[60.794s] Level 1:colcon.colcon_core.environment:create_file_with_runtime_dependencies(/home/abc/planning_with_ros2/install/planning/share/colcon-core/packages/planning)
[60.795s] Level 1:colcon.colcon_core.environment:create_environment_scripts_only(planning)
[60.795s] Level 1:colcon.colcon_core.environment:checking '/home/abc/planning_with_ros2/install/planning' for CMake module files
[60.796s] Level 1:colcon.colcon_core.environment:checking '/home/abc/planning_with_ros2/install/planning' for CMake config files
[60.796s] Level 1:colcon.colcon_core.shell:create_environment_hook('planning', 'cmake_prefix_path')
[60.796s] INFO:colcon.colcon_core.shell:Creating environment hook '/home/abc/planning_with_ros2/install/planning/share/planning/hook/cmake_prefix_path.ps1'
[60.797s] INFO:colcon.colcon_core.shell:Creating environment descriptor '/home/abc/planning_with_ros2/install/planning/share/planning/hook/cmake_prefix_path.dsv'
[60.797s] INFO:colcon.colcon_core.shell:Creating environment hook '/home/abc/planning_with_ros2/install/planning/share/planning/hook/cmake_prefix_path.sh'
[60.798s] Level 1:colcon.colcon_core.environment:checking '/home/abc/planning_with_ros2/install/planning/lib'
[60.798s] Level 1:colcon.colcon_core.shell:create_environment_hook('planning', 'ld_library_path_lib')
[60.798s] INFO:colcon.colcon_core.shell:Creating environment hook '/home/abc/planning_with_ros2/install/planning/share/planning/hook/ld_library_path_lib.ps1'
[60.798s] INFO:colcon.colcon_core.shell:Creating environment descriptor '/home/abc/planning_with_ros2/install/planning/share/planning/hook/ld_library_path_lib.dsv'
[60.799s] INFO:colcon.colcon_core.shell:Creating environment hook '/home/abc/planning_with_ros2/install/planning/share/planning/hook/ld_library_path_lib.sh'
[60.799s] Level 1:colcon.colcon_core.environment:checking '/home/abc/planning_with_ros2/install/planning/bin'
[60.799s] Level 1:colcon.colcon_core.environment:checking '/home/abc/planning_with_ros2/install/planning/lib/pkgconfig/planning.pc'
[60.800s] Level 1:colcon.colcon_core.environment:checking '/home/abc/planning_with_ros2/install/planning/lib/python3.10/site-packages'
[60.800s] Level 1:colcon.colcon_core.environment:checking '/home/abc/planning_with_ros2/install/planning/bin'
[60.800s] INFO:colcon.colcon_core.shell:Creating package script '/home/abc/planning_with_ros2/install/planning/share/planning/package.ps1'
[60.801s] INFO:colcon.colcon_core.shell:Creating package descriptor '/home/abc/planning_with_ros2/install/planning/share/planning/package.dsv'
[60.801s] INFO:colcon.colcon_core.shell:Creating package script '/home/abc/planning_with_ros2/install/planning/share/planning/package.sh'
[60.802s] INFO:colcon.colcon_core.shell:Creating package script '/home/abc/planning_with_ros2/install/planning/share/planning/package.bash'
[60.802s] INFO:colcon.colcon_core.shell:Creating package script '/home/abc/planning_with_ros2/install/planning/share/planning/package.zsh'
[60.803s] Level 1:colcon.colcon_core.environment:create_file_with_runtime_dependencies(/home/abc/planning_with_ros2/install/planning/share/colcon-core/packages/planning)
[60.803s] DEBUG:colcon.colcon_parallel_executor.executor.parallel:closing loop
[60.803s] DEBUG:colcon.colcon_parallel_executor.executor.parallel:loop closed
[60.803s] DEBUG:colcon.colcon_parallel_executor.executor.parallel:run_until_complete finished with '0'
[60.803s] DEBUG:colcon.colcon_core.event_reactor:joining thread
[60.810s] INFO:colcon.colcon_core.plugin_system:Skipping extension 'colcon_notification.desktop_notification.terminal_notifier': Not used on non-Darwin systems
[60.810s] INFO:colcon.colcon_core.plugin_system:Skipping extension 'colcon_notification.desktop_notification.win32': Not used on non-Windows systems
[60.810s] INFO:colcon.colcon_notification.desktop_notification:Sending desktop notification using 'notify2'
[60.821s] DEBUG:colcon.colcon_core.event_reactor:joined thread
[60.821s] INFO:colcon.colcon_core.shell:Creating prefix script '/home/abc/planning_with_ros2/install/local_setup.ps1'
[60.822s] INFO:colcon.colcon_core.shell:Creating prefix util module '/home/abc/planning_with_ros2/install/_local_setup_util_ps1.py'
[60.823s] INFO:colcon.colcon_core.shell:Creating prefix chain script '/home/abc/planning_with_ros2/install/setup.ps1'
[60.825s] INFO:colcon.colcon_core.shell:Creating prefix script '/home/abc/planning_with_ros2/install/local_setup.sh'
[60.826s] INFO:colcon.colcon_core.shell:Creating prefix util module '/home/abc/planning_with_ros2/install/_local_setup_util_sh.py'
[60.827s] INFO:colcon.colcon_core.shell:Creating prefix chain script '/home/abc/planning_with_ros2/install/setup.sh'
[60.829s] INFO:colcon.colcon_core.shell:Creating prefix script '/home/abc/planning_with_ros2/install/local_setup.bash'
[60.830s] INFO:colcon.colcon_core.shell:Creating prefix chain script '/home/abc/planning_with_ros2/install/setup.bash'
[60.831s] INFO:colcon.colcon_core.shell:Creating prefix script '/home/abc/planning_with_ros2/install/local_setup.zsh'
[60.831s] INFO:colcon.colcon_core.shell:Creating prefix chain script '/home/abc/planning_with_ros2/install/setup.zsh'
